// Jest Snapshot v1, https://goo.gl/fbAQLP

exports[`Main Component renders correctly 1`] = `
"<div>
  <div
    id="app"
  >
    <div
      class="MuiToolbar-root MuiToolbar-gutters MuiToolbar-regular mui-4qtqda-MuiToolbar-root-header"
      id="fixedHeader"
    >
      <div
        class="flexbox centered fadeInSlow mui-2rm9gj-demoTrialAnnouncement"
      >
        <svg
          aria-hidden="true"
          class="MuiSvgIcon-root MuiSvgIcon-fontSizeSmall mui-e9dld4-MuiSvgIcon-root-redAnnouncementIcon"
          data-testid="AnnouncementIcon"
          focusable="false"
          style="margin-right: 4px; min-width: 24px;"
          viewBox="0 0 24 24"
        >
          <path
            d="M20 2H4c-1.1 0-1.99.9-1.99 2L2 22l4-4h14c1.1 0 2-.9 2-2V4c0-1.1-.9-2-2-2zm-7 9h-2V5h2v6zm0 4h-2v-2h2v2z"
          />
        </svg>
        <p
          style="margin: 4px;"
        />
        <svg
          aria-hidden="true"
          class="MuiSvgIcon-root MuiSvgIcon-fontSizeMedium mui-xoiq4u-MuiSvgIcon-root-demoAnnouncementIcon"
          data-testid="CloseIcon"
          focusable="false"
          style="margin-left: 4px; cursor: pointer;"
          viewBox="0 0 24 24"
        >
          <path
            d="M19 6.41 17.59 5 12 10.59 6.41 5 5 6.41 10.59 12 5 17.59 6.41 19 12 13.41 17.59 19 19 17.59 13.41 12z"
          />
        </svg>
      </div>
      <div
        class="flexbox space-between"
      >
        <div
          class="flexbox center-aligned"
        />
        <div>
          <div
            class="MuiFormControl-root MuiTextField-root mui-vlhsld-MuiFormControl-root-MuiTextField-root-root"
            readonly=""
          >
            <div
              class="MuiInputBase-root MuiInput-root MuiInput-underline MuiInputBase-colorPrimary MuiInputBase-formControl MuiInputBase-sizeSmall MuiInputBase-adornedStart Mui-readOnly MuiInputBase-readOnly mui-ronqc2-MuiInputBase-root-MuiInput-root"
            >
              <div
                class="MuiInputAdornment-root MuiInputAdornment-positionStart MuiInputAdornment-standard MuiInputAdornment-sizeSmall mui-ittuaa-MuiInputAdornment-root"
              >
                <span
                  class="notranslate"
                >
                  ​
                </span>
                <svg
                  aria-hidden="true"
                  class="MuiSvgIcon-root MuiSvgIcon-colorDisabled MuiSvgIcon-fontSizeSize mui-8antmw-MuiSvgIcon-root-searchIcon"
                  data-testid="SearchIcon"
                  focusable="false"
                  viewBox="0 0 24 24"
                >
                  <path
                    d="M15.5 14h-.79l-.28-.27C15.41 12.59 16 11.11 16 9.5 16 5.91 13.09 3 9.5 3S3 5.91 3 9.5 5.91 16 9.5 16c1.61 0 3.09-.59 4.23-1.57l.27.28v.79l5 4.99L20.49 19l-4.99-5zm-6 0C7.01 14 5 11.99 5 9.5S7.01 5 9.5 5 14 7.01 14 9.5 11.99 14 9.5 14z"
                  />
                </svg>
              </div>
              <input
                aria-invalid="false"
                autocomplete="off"
                class="MuiInputBase-input MuiInput-input MuiInputBase-inputSizeSmall MuiInputBase-inputAdornedStart Mui-readOnly MuiInputBase-readOnly mui-nqgi9r-MuiInputBase-input-MuiInput-input"
                
                placeholder="Search devices"
                readonly=""
                type="text"
                value=""
              />
            </div>
          </div>
        </div>
        <div
          class="flexbox center-aligned"
        >
          <div
            class="header-section"
            data-mui-internal-clone-element="true"
          >
            <a
              class="mui-cmdwqc-link"
              href="/devices"
            >
              <span>
                2
              </span>
              <span
                id="limit"
              >
                /
                500
              </span>
              <svg
                aria-hidden="true"
                class="MuiSvgIcon-root MuiSvgIcon-fontSizeMedium mui-1lqc678-MuiSvgIcon-root"
                data-testid="DeveloperBoardIcon"
                focusable="false"
                style="margin: 0px 7px 0px 10px; font-size: 20px;"
                viewBox="0 0 24 24"
              >
                <path
                  d="M22 9V7h-2V5c0-1.1-.9-2-2-2H4c-1.1 0-2 .9-2 2v14c0 1.1.9 2 2 2h14c1.1 0 2-.9 2-2v-2h2v-2h-2v-2h2v-2h-2V9h2zm-4 10H4V5h14v14zM6 13h5v4H6zm6-6h4v3h-4zM6 7h5v5H6zm6 4h4v6h-4z"
                />
              </svg>
            </a>
            <a
              href="/devices/pending"
              style="margin-left: 7px;"
            >
              1
               pending
            </a>
          </div>
          <button
            class="MuiButtonBase-root MuiButton-root MuiButton-text MuiButton-textPrimary MuiButton-sizeMedium MuiButton-textSizeMedium MuiButton-root MuiButton-text MuiButton-textPrimary MuiButton-sizeMedium MuiButton-textSizeMedium header-dropdown mui-1uyor13-MuiButtonBase-root-MuiButton-root-dropDown"
            tabindex="0"
            type="button"
          >
            <span
              class="MuiButton-startIcon MuiButton-iconSizeMedium mui-gcc2o7-MuiButton-startIcon"
            >
              <svg
                aria-hidden="true"
                class="MuiSvgIcon-root MuiSvgIcon-fontSizeMedium mui-dax6cs-MuiSvgIcon-root-buttonColor"
                data-testid="AccountCircleIcon"
                focusable="false"
                viewBox="0 0 24 24"
              >
                <path
                  d="M12 2C6.48 2 2 6.48 2 12s4.48 10 10 10 10-4.48 10-10S17.52 2 12 2zm0 4c1.93 0 3.5 1.57 3.5 3.5S13.93 13 12 13s-3.5-1.57-3.5-3.5S10.07 6 12 6zm0 14c-2.03 0-4.43-.82-6.14-2.88C7.55 15.8 9.68 15 12 15s4.45.8 6.14 2.12C16.43 19.18 14.03 20 12 20z"
                />
              </svg>
            </span>
            a2@b.com
            <span
              class="MuiButton-endIcon MuiButton-iconSizeMedium mui-1gnd1fd-MuiButton-endIcon"
            >
              <svg
                aria-hidden="true"
                class="MuiSvgIcon-root MuiSvgIcon-fontSizeMedium mui-1lqc678-MuiSvgIcon-root"
                data-testid="ArrowDropDownIcon"
                focusable="false"
                viewBox="0 0 24 24"
              >
                <path
                  d="m7 10 5 5 5-5z"
                />
              </svg>
            </span>
            <span
              class="MuiTouchRipple-root mui-8je8zh-MuiTouchRipple-root"
            />
          </button>
        </div>
      </div>
    </div>
    <div
      class="leftFixed leftNav"
    >
      <a
        href="/"
        id="logo"
      >
        <svg
          alt="Alvaldi logo"
          id="Alvaldilogo"
        />
      </a>
      <ul
        class="MuiList-root MuiList-padding leftNav-main mui-h4y409-MuiList-root"
        style="padding: 0px;"
      >
        <a
          class="MuiListItem-root MuiListItem-gutters MuiListItem-padding navLink leftNav mui-v52pvc-MuiListItem-root"
          href="/devices"
        >
          <svg
            aria-hidden="true"
            class="MuiSvgIcon-root MuiSvgIcon-fontSizeMedium mui-1lqc678-MuiSvgIcon-root"
            data-testid="DeveloperBoardIcon"
            focusable="false"
            viewBox="0 0 24 24"
          >
            <path
              d="M22 9V7h-2V5c0-1.1-.9-2-2-2H4c-1.1 0-2 .9-2 2v14c0 1.1.9 2 2 2h14c1.1 0 2-.9 2-2v-2h2v-2h-2v-2h2v-2h-2V9h2zm-4 10H4V5h14v14zM6 13h5v4H6zm6-6h4v3h-4zM6 7h5v5H6zm6 4h4v6h-4z"
            />
          </svg>
          <div
            class="MuiListItemText-root mui-1lghudc-MuiListItemText-root"
          >
            <span
              class="MuiTypography-root MuiTypography-body1 MuiListItemText-primary mui-mon4qq-MuiTypography-root"
            >
              Devices
            </span>
          </div>
        </a>
        <a
          class="MuiListItem-root MuiListItem-gutters MuiListItem-padding navLink leftNav mui-v52pvc-MuiListItem-root"
          href="/auditlog"
        >
          <svg
            aria-hidden="true"
            class="MuiSvgIcon-root MuiSvgIcon-fontSizeMedium mui-1lqc678-MuiSvgIcon-root"
            data-testid="ListAltIcon"
            focusable="false"
            viewBox="0 0 24 24"
          >
            <path
              d="M19 5v14H5V5h14m1.1-2H3.9c-.5 0-.9.4-.9.9v16.2c0 .4.4.9.9.9h16.2c.4 0 .9-.5.9-.9V3.9c0-.5-.5-.9-.9-.9zM11 7h6v2h-6V7zm0 4h6v2h-6v-2zm0 4h6v2h-6zM7 7h2v2H7zm0 4h2v2H7zm0 4h2v2H7z"
            />
          </svg>
          <div
            class="MuiListItemText-root mui-1lghudc-MuiListItemText-root"
          >
            <span
              class="MuiTypography-root MuiTypography-body1 MuiListItemText-primary mui-mon4qq-MuiTypography-root"
            >
              Audit log
            </span>
          </div>
        </a>
        <a
          class="MuiListItem-root MuiListItem-gutters MuiListItem-padding navLink leftNav mui-v52pvc-MuiListItem-root"
          href="/settings"
        >
          <svg
            aria-hidden="true"
            class="MuiSvgIcon-root MuiSvgIcon-fontSizeMedium mui-1lqc678-MuiSvgIcon-root"
            data-testid="SettingsIcon"
            focusable="false"
            viewBox="0 0 24 24"
          >
            <path
              d="M19.14 12.94c.04-.3.06-.61.06-.94 0-.32-.02-.64-.07-.94l2.03-1.58c.18-.14.23-.41.12-.61l-1.92-3.32c-.12-.22-.37-.29-.59-.22l-2.39.96c-.5-.38-1.03-.7-1.62-.94l-.36-2.54c-.04-.24-.24-.41-.48-.41h-3.84c-.24 0-.43.17-.47.41l-.36 2.54c-.59.24-1.13.57-1.62.94l-2.39-.96c-.22-.08-.47 0-.59.22L2.74 8.87c-.12.21-.08.47.12.61l2.03 1.58c-.05.3-.09.63-.09.94s.02.64.07.94l-2.03 1.58c-.18.14-.23.41-.12.61l1.92 3.32c.12.22.37.29.59.22l2.39-.96c.5.38 1.03.7 1.62.94l.36 2.54c.05.24.24.41.48.41h3.84c.24 0 .44-.17.47-.41l.36-2.54c.59-.24 1.13-.56 1.62-.94l2.39.96c.22.08.47 0 .59-.22l1.92-3.32c.12-.22.07-.47-.12-.61l-2.01-1.58zM12 15.6c-1.98 0-3.6-1.62-3.6-3.6s1.62-3.6 3.6-3.6 3.6 1.62 3.6 3.6-1.62 3.6-3.6 3.6z"
            />
          </svg>
          <div
            class="MuiListItemText-root mui-1lghudc-MuiListItemText-root"
          >
            <span
              class="MuiTypography-root MuiTypography-body1 MuiListItemText-primary mui-mon4qq-MuiTypography-root"
            >
              Settings
            </span>
          </div>
        </a>
      </ul>
      <ul
        class="MuiList-root MuiList-padding leftNav-bottom mui-h4y409-MuiList-root"
      >
        <a
          class="MuiListItem-root MuiListItem-gutters MuiListItem-padding navLink leftNav mui-v52pvc-MuiListItem-root"
          href="/help"
        >
          <div
            class="MuiListItemText-root mui-1lghudc-MuiListItemText-root"
          >
            <span
              class="MuiTypography-root MuiTypography-body1 MuiListItemText-primary mui-mon4qq-MuiTypography-root"
            >
              Help & support
            </span>
          </div>
        </a>
        <li
          class="MuiListItem-root MuiListItem-gutters MuiListItem-padding mui-v52pvc-MuiListItem-root"
        >
          <div
            class="MuiListItemText-root mui-1lghudc-MuiListItemText-root"
          >
            <span
              class="MuiTypography-root MuiTypography-body1 MuiListItemText-primary mui-mon4qq-MuiTypography-root"
            >
              <div
                class="clickable"
                data-mui-internal-clone-element="true"
              >
                Version: master
              </div>
            </span>
          </div>
        </li>
        <a
          class="mui-bzui6l-feedbackLink flexbox center-aligned padding-none"
          href="mailto:feedback@alvaldi.com?subject=Feedback%20on%20Alvaldi&body=Write%20your%20feedback%20here...%0A%0A---%0A%0APlease%20note%20that%20this%20is%20only%20for%20product%20feedback.%0AIf%20you%20need%20help,%20or%20have%20a%20question,%20open%20a%20support%20case%20at%20support.northern.tech.%0AAlvaldi%20user:%20a2@b.com"
          rel="noreferrer"
          target="_blank"
        >
          Feedback 
          <svg
            aria-hidden="true"
            class="MuiSvgIcon-root MuiSvgIcon-colorPrimary MuiSvgIcon-fontSizeMedium mui-aus2gd-MuiSvgIcon-root-feedbackIcon"
            data-testid="OpenInNewIcon"
            focusable="false"
            viewBox="0 0 24 24"
          >
            <path
              d="M19 19H5V5h7V3H5c-1.11 0-2 .9-2 2v14c0 1.1.89 2 2 2h14c1.1 0 2-.9 2-2v-7h-2v7zM14 3v2h3.59l-9.83 9.83 1.41 1.41L19 6.41V10h2V3h-7z"
            />
          </svg>
        </a>
      </ul>
    </div>
    <div
      class="rightFluid container"
    >
      <div
        class="tab-container with-sub-panels"
        style="padding: 0px; height: 100%;"
      >
        <div
          class="leftFixed"
        >
          <div
            class="margin-bottom-small margin-left margin-top-small"
          >
            Groups
          </div>
          <ul
            class="MuiList-root MuiList-padding mui-h4y409-MuiList-root"
          >
            <div
              class="MuiButtonBase-root MuiListItem-root grouplist MuiListItem-gutters MuiListItem-padding MuiListItem-button Mui-selected mui-6i4nb8-MuiButtonBase-root-MuiListItem-root"
              role="button"
              tabindex="0"
            >
              <div
                class="MuiListItemText-root padding-left-large mui-1lghudc-MuiListItemText-root"
              >
                <span
                  class="MuiTypography-root MuiTypography-body1 MuiListItemText-primary mui-mon4qq-MuiTypography-root"
                >
                  All devices
                </span>
              </div>
              <span
                class="MuiTouchRipple-root mui-8je8zh-MuiTouchRipple-root"
              />
            </div>
            <li
              class="MuiListSubheader-root mui-1yjxp81-MuiListSubheader-root-header"
            >
              <span
                class="mui-1nyp150-groupHeading"
              >
                Dynamic
              </span>
            </li>
            <div
              class="MuiButtonBase-root MuiListItem-root grouplist MuiListItem-gutters MuiListItem-padding MuiListItem-button mui-6i4nb8-MuiButtonBase-root-MuiListItem-root"
              role="button"
              tabindex="0"
            >
              <div
                class="MuiListItemText-root padding-left-large mui-1lghudc-MuiListItemText-root"
              >
                <span
                  class="MuiTypography-root MuiTypography-body1 MuiListItemText-primary mui-mon4qq-MuiTypography-root"
                >
                  testGroupDynamic
                </span>
              </div>
              <span
                class="MuiTouchRipple-root mui-8je8zh-MuiTouchRipple-root"
              />
            </div>
            <li
              class="MuiListSubheader-root mui-1yjxp81-MuiListSubheader-root-header"
            >
              <span
                class="mui-1nyp150-groupHeading"
              >
                Static
              </span>
            </li>
            <div
              class="MuiButtonBase-root MuiListItem-root grouplist MuiListItem-gutters MuiListItem-padding MuiListItem-button mui-6i4nb8-MuiButtonBase-root-MuiListItem-root"
              role="button"
              tabindex="0"
            >
              <div
                class="MuiListItemText-root padding-left-large mui-1lghudc-MuiListItemText-root"
              >
                <span
                  class="MuiTypography-root MuiTypography-body1 MuiListItemText-primary mui-mon4qq-MuiTypography-root"
                >
                  testGroup
                </span>
              </div>
              <span
                class="MuiTouchRipple-root mui-8je8zh-MuiTouchRipple-root"
              />
            </div>
            <div
              class="MuiButtonBase-root MuiListItem-root grouplist MuiListItem-gutters MuiListItem-padding MuiListItem-button mui-6i4nb8-MuiButtonBase-root-MuiListItem-root"
              role="button"
              tabindex="0"
            >
              <div
                class="MuiListItemText-root padding-left-large mui-1lghudc-MuiListItemText-root"
              >
                <span
                  class="MuiTypography-root MuiTypography-body1 MuiListItemText-primary mui-mon4qq-MuiTypography-root"
                >
                  Unassigned
                </span>
              </div>
              <span
                class="MuiTouchRipple-root mui-8je8zh-MuiTouchRipple-root"
              />
            </div>
            <div
              class="MuiButtonBase-root MuiListItem-root grouplist padding-left MuiListItem-gutters MuiListItem-padding MuiListItem-button mui-6i4nb8-MuiButtonBase-root-MuiListItem-root"
              role="button"
              style="margin-top: 30px;"
              tabindex="0"
            >
              <svg
                aria-hidden="true"
                class="MuiSvgIcon-root MuiSvgIcon-fontSizeMedium mui-1lqc678-MuiSvgIcon-root"
                data-testid="InfoIcon"
                focusable="false"
                style="margin-right: 8px;"
                viewBox="0 0 24 24"
              >
                <path
                  d="M12 2C6.48 2 2 6.48 2 12s4.48 10 10 10 10-4.48 10-10S17.52 2 12 2zm1 15h-2v-6h2v6zm0-8h-2V7h2v2z"
                />
              </svg>
              <div
                class="MuiListItemText-root mui-1lghudc-MuiListItemText-root"
              >
                <span
                  class="MuiTypography-root MuiTypography-body1 MuiListItemText-primary mui-mon4qq-MuiTypography-root"
                >
                  Create a group
                </span>
              </div>
              <span
                class="MuiTouchRipple-root mui-8je8zh-MuiTouchRipple-root"
              />
            </div>
          </ul>
        </div>
        <div
          class="rightFluid relative"
          style="padding-top: 32px;"
        >
          <div
            class="tab-container margin-bottom with-sub-panels"
            style="padding: 0px; min-height: initial;"
          >
            <div
              class="flexbox space-between"
            >
              <div
                class="clickable margin-right onboard mui-klxwo1-default"
              >
                <span
                  class="mui-10smx4s-default "
                >
                  1
                   
                  device
                   
                  is
                   
                  pending authorization
                </span>
                <b
                  class="margin-left-small link link-color"
                >
                  View 
                  device
                </b>
              </div>
            </div>
          </div>
          <div
            class="margin-left-small margin-bottom"
          >
            <div
              class="flexbox"
            >
              <h2
                class="margin-right-xl"
              >
                All devices
              </h2>
              <div
                class="flexbox space-between center-aligned"
                style="flex-grow: 1;"
              >
                <div
                  class="flexbox"
                >
                  <div
                    class="flexbox centered"
                  >
                    Status:
                    <div
                      class="MuiInputBase-root MuiInput-root MuiInputBase-colorPrimary  mui-1n7u1wx-MuiInputBase-root-MuiInput-root-MuiSelect-root"
                      style="font-size: 13px; margin-left: 8px; margin-top: 2px;"
                    >
                      <div
                        aria-expanded="false"
                        aria-haspopup="listbox"
                        class="MuiSelect-select MuiSelect-standard MuiInputBase-input MuiInput-input mui-emq5k1-MuiSelect-select-MuiInputBase-input-MuiInput-input"
                        role="button"
                        tabindex="0"
                      >
                        accepted
                      </div>
                      <input
                        aria-hidden="true"
                        aria-invalid="false"
                        class="MuiSelect-nativeInput mui-yf8vq0-MuiSelect-nativeInput"
                        tabindex="-1"
                        value="accepted"
                      />
                      <svg
                        aria-hidden="true"
                        class="MuiSvgIcon-root MuiSvgIcon-fontSizeMedium MuiSelect-icon MuiSelect-iconStandard mui-dwvfc1-MuiSvgIcon-root-MuiSelect-icon"
                        data-testid="ArrowDropDownIcon"
                        focusable="false"
                        viewBox="0 0 24 24"
                      >
                        <path
                          d="M7 10l5 5 5-5z"
                        />
                      </svg>
                    </div>
                  </div>
                </div>
              </div>
            </div>
            <div
              class="flexbox space-between margin-top"
            >
              <div
                class="flexbox centered filter-header "
              >
                <button
                  class="MuiButtonBase-root MuiButton-root MuiButton-text MuiButton-textSecondary MuiButton-sizeMedium MuiButton-textSizeMedium MuiButton-root MuiButton-text MuiButton-textSecondary MuiButton-sizeMedium MuiButton-textSizeMedium mui-m4scur-MuiButtonBase-root-MuiButton-root"
                  style="background-color: transparent;"
                  tabindex="0"
                  type="button"
                >
                  <span
                    class="MuiButton-startIcon MuiButton-iconSizeMedium mui-gcc2o7-MuiButton-startIcon"
                  >
                    <svg
                      aria-hidden="true"
                      class="MuiSvgIcon-root MuiSvgIcon-fontSizeMedium mui-1lqc678-MuiSvgIcon-root"
                      data-testid="FilterListIcon"
                      focusable="false"
                      viewBox="0 0 24 24"
                    >
                      <path
                        d="M10 18h4v-2h-4v2zM3 6v2h18V6H3zm3 7h12v-2H6v2z"
                      />
                    </svg>
                  </span>
                  Filters
                </button>
              </div>
            </div>
          </div>
          <div
            class="loaderContainer shrunk"
          >
            <div
              class="  loader"
            >
              <span
                class="dot dot_1"
              />
              <span
                class="dot dot_2"
              />
              <span
                class="dot dot_3"
              />
              <span
                class="dot dot_4"
              />
            </div>
          </div>
          <div
            class="padding-bottom"
          >
            <div
              class="deviceList selectable "
              style="grid-template-columns: 52px minmax(250px, 1fr) minmax(150px, 1.5fr) minmax(150px, 1.5fr) minmax(150px, 1.5fr) minmax(150px, max-content);"
            >
              <div
                class="header mui-15itsyh-header"
              >
                <div
                  class="deviceListRow"
                >
                  <div>
                    <span
                      class="MuiButtonBase-root MuiCheckbox-root MuiCheckbox-colorPrimary PrivateSwitchBase-root MuiCheckbox-root MuiCheckbox-colorPrimary MuiCheckbox-root MuiCheckbox-colorPrimary mui-1mqafh3-MuiButtonBase-root-MuiCheckbox-root"
                    >
                      <input
                        class="PrivateSwitchBase-input mui-1m9pwf3"
                        data-indeterminate="false"
                        type="checkbox"
                      />
                      <svg
                        aria-hidden="true"
                        class="MuiSvgIcon-root MuiSvgIcon-fontSizeMedium mui-1lqc678-MuiSvgIcon-root"
                        data-testid="CheckBoxOutlineBlankIcon"
                        focusable="false"
                        viewBox="0 0 24 24"
                      >
                        <path
                          d="M19 5v14H5V5h14m0-2H5c-1.1 0-2 .9-2 2v14c0 1.1.9 2 2 2h14c1.1 0 2-.9 2-2V5c0-1.1-.9-2-2-2z"
                        />
                      </svg>
                      <span
                        class="MuiTouchRipple-root mui-8je8zh-MuiTouchRipple-root"
                      />
                    </span>
                  </div>
                  <div
                    class="columnHeader flexbox space-between relative"
                  >
                    <div
                      class="flexbox center-aligned"
                    >
                      mac
                      <svg
                        aria-hidden="true"
                        class="MuiSvgIcon-root MuiSvgIcon-fontSizeMedium sortIcon  true mui-1lqc678-MuiSvgIcon-root"
                        data-testid="SortIcon"
                        focusable="false"
                        style="font-size: 16px;"
                        viewBox="0 0 24 24"
                      >
                        <path
                          d="M3 18h6v-2H3v2zM3 6v2h18V6H3zm0 7h12v-2H3v2z"
                        />
                      </svg>
                    </div>
                    <div
                      class="flexbox center-aligned"
                    >
                      <svg
                        aria-hidden="true"
                        class="MuiSvgIcon-root MuiSvgIcon-fontSizeMedium mui-1lqc678-MuiSvgIcon-root"
                        data-testid="SettingsIcon"
                        focusable="false"
                        style="font-size: 16px; margin-right: 4px;"
                        viewBox="0 0 24 24"
                      >
                        <path
                          d="M19.14 12.94c.04-.3.06-.61.06-.94 0-.32-.02-.64-.07-.94l2.03-1.58c.18-.14.23-.41.12-.61l-1.92-3.32c-.12-.22-.37-.29-.59-.22l-2.39.96c-.5-.38-1.03-.7-1.62-.94l-.36-2.54c-.04-.24-.24-.41-.48-.41h-3.84c-.24 0-.43.17-.47.41l-.36 2.54c-.59.24-1.13.57-1.62.94l-2.39-.96c-.22-.08-.47 0-.59.22L2.74 8.87c-.12.21-.08.47.12.61l2.03 1.58c-.05.3-.09.63-.09.94s.02.64.07.94l-2.03 1.58c-.18.14-.23.41-.12.61l1.92 3.32c.12.22.37.29.59.22l2.39-.96c.5.38 1.03.7 1.62.94l.36 2.54c.05.24.24.41.48.41h3.84c.24 0 .44-.17.47-.41l.36-2.54c.59-.24 1.13-.56 1.62-.94l2.39.96c.22.08.47 0 .59-.22l1.92-3.32c.12-.22.07-.47-.12-.61l-2.01-1.58zM12 15.6c-1.98 0-3.6-1.62-3.6-3.6s1.62-3.6 3.6-3.6 3.6 1.62 3.6 3.6-1.62 3.6-3.6 3.6z"
                        />
                      </svg>
                    </div>
                  </div>
                  <div
                    class="columnHeader flexbox space-between relative"
                  >
                    <div
                      class="flexbox center-aligned"
                    >
                      Device type
                      <svg
                        aria-hidden="true"
                        class="MuiSvgIcon-root MuiSvgIcon-fontSizeMedium sortIcon  true mui-1lqc678-MuiSvgIcon-root"
                        data-testid="SortIcon"
                        focusable="false"
                        style="font-size: 16px;"
                        viewBox="0 0 24 24"
                      >
                        <path
                          d="M3 18h6v-2H3v2zM3 6v2h18V6H3zm0 7h12v-2H3v2z"
                        />
                      </svg>
                    </div>
                    <div
                      class="flexbox center-aligned"
                    >
                      <span
                        class="resize-handle mui-1bzlqzi-resizeHandle "
                      />
                    </div>
                  </div>
                  <div
                    class="columnHeader flexbox space-between relative"
                  >
                    <div
                      class="flexbox center-aligned"
                    >
                      Latest activity
                      <svg
                        aria-hidden="true"
                        class="MuiSvgIcon-root MuiSvgIcon-fontSizeMedium sortIcon  true mui-1lqc678-MuiSvgIcon-root"
                        data-testid="SortIcon"
                        focusable="false"
                        style="font-size: 16px;"
                        viewBox="0 0 24 24"
                      >
                        <path
                          d="M3 18h6v-2H3v2zM3 6v2h18V6H3zm0 7h12v-2H3v2z"
                        />
                      </svg>
                    </div>
                    <div
                      class="flexbox center-aligned"
                    >
                      <span
                        class="resize-handle mui-1bzlqzi-resizeHandle "
                      />
                    </div>
                  </div>
                  <div
                    class="columnHeader flexbox space-between relative"
                  >
                    <div
                      class="flexbox center-aligned"
                    >
                      Status
                      <svg
                        aria-hidden="true"
                        class="MuiSvgIcon-root MuiSvgIcon-fontSizeMedium sortIcon  true mui-1lqc678-MuiSvgIcon-root"
                        data-testid="SortIcon"
                        focusable="false"
                        style="font-size: 16px;"
                        viewBox="0 0 24 24"
                      >
                        <path
                          d="M3 18h6v-2H3v2zM3 6v2h18V6H3zm0 7h12v-2H3v2z"
                        />
                      </svg>
                    </div>
                    <div
                      class="flexbox center-aligned"
                    />
                  </div>
                  <div
                    class="columnHeader flexbox space-between relative"
                  >
                    <div
                      class="flexbox center-aligned"
                    >
                      View device
                    </div>
                    <div
                      class="flexbox center-aligned"
                    />
                  </div>
                </div>
              </div>
              <div
                class="body"
              >
                <div
                  class="deviceListRow deviceListItem clickable  "
                >
                  <div>
                    <span
                      class="MuiButtonBase-root MuiCheckbox-root MuiCheckbox-colorPrimary PrivateSwitchBase-root MuiCheckbox-root MuiCheckbox-colorPrimary MuiCheckbox-root MuiCheckbox-colorPrimary mui-1mqafh3-MuiButtonBase-root-MuiCheckbox-root"
                    >
                      <input
                        class="PrivateSwitchBase-input mui-1m9pwf3"
                        data-indeterminate="false"
                        type="checkbox"
                      />
                      <svg
                        aria-hidden="true"
                        class="MuiSvgIcon-root MuiSvgIcon-fontSizeMedium mui-1lqc678-MuiSvgIcon-root"
                        data-testid="CheckBoxOutlineBlankIcon"
                        focusable="false"
                        viewBox="0 0 24 24"
                      >
                        <path
                          d="M19 5v14H5V5h14m0-2H5c-1.1 0-2 .9-2 2v14c0 1.1.9 2 2 2h14c1.1 0 2-.9 2-2V5c0-1.1-.9-2-2-2z"
                        />
                      </svg>
                      <span
                        class="MuiTouchRipple-root mui-8je8zh-MuiTouchRipple-root"
                      />
                    </span>
                  </div>
                  <div
                    class="flexbox space-between"
                  >
                    <div
                      title="dc:a6:32:12:ad:bf"
                    >
                      <div
                        class="text-overflow"
                      >
                        dc:a6:32:12:ad:bf
                      </div>
                    </div>
                  </div>
                  <div
                    title="raspberrypi4"
                  >
                    <div
                      class="text-overflow"
                    >
                      raspberrypi4
                    </div>
                  </div>
                  <div>
                    <time
                      datetime="2019-01-01"
                    >
                      12 days ago
                    </time>
                  </div>
                  <div>
                    <div
                      aria-label="This device has not communicated with the Mender backend for a while. Click on the row to see more details"
                      class="MuiChip-root MuiChip-outlined MuiChip-sizeSmall MuiChip-colorDefault MuiChip-outlinedDefault deviceStatus margin-right-small mui-k8bn0o-MuiChip-root"
                      data-mui-internal-clone-element="true"
                    >
                      <svg
                        aria-hidden="true"
                        class="MuiSvgIcon-root MuiSvgIcon-fontSizeMedium MuiChip-icon MuiChip-iconSmall MuiChip-iconColorDefault mui-h560wp-MuiSvgIcon-root-warningIcon"
                        data-testid="ReportProblemOutlinedIcon"
                        focusable="false"
                        style="margin-left: 5px;"
                        viewBox="0 0 24 24"
                      >
                        <path
                          d="M12 5.99 19.53 19H4.47L12 5.99M12 2 1 21h22L12 2zm1 14h-2v2h2v-2zm0-6h-2v4h2v-4z"
                        />
                      </svg>
                      <span
                        class="MuiChip-label MuiChip-labelSmall mui-wjsjww-MuiChip-label"
                      >
                        <div
                          class="uppercased"
                        >
                          offline
                        </div>
                      </span>
                    </div>
                  </div>
                  <div>
                    <a
                      class="flexbox flexbox centered"
                      href="/devices/a1"
                    >
                      View details 
                      <svg
                        aria-hidden="true"
                        class="MuiSvgIcon-root MuiSvgIcon-fontSizeMedium mui-1lqc678-MuiSvgIcon-root"
                        data-testid="ArrowForwardIcon"
                        focusable="false"
                        style="font-size: 16px; margin-left: 8px;"
                        viewBox="0 0 24 24"
                      >
                        <path
                          d="m12 4-1.41 1.41L16.17 11H4v2h12.17l-5.58 5.59L12 20l8-8z"
                        />
                      </svg>
                    </a>
                  </div>
                </div>
                <div
                  class="deviceListRow deviceListItem clickable  "
                >
                  <div>
                    <span
                      class="MuiButtonBase-root MuiCheckbox-root MuiCheckbox-colorPrimary PrivateSwitchBase-root MuiCheckbox-root MuiCheckbox-colorPrimary MuiCheckbox-root MuiCheckbox-colorPrimary mui-1mqafh3-MuiButtonBase-root-MuiCheckbox-root"
                    >
                      <input
                        class="PrivateSwitchBase-input mui-1m9pwf3"
                        data-indeterminate="false"
                        type="checkbox"
                      />
                      <svg
                        aria-hidden="true"
                        class="MuiSvgIcon-root MuiSvgIcon-fontSizeMedium mui-1lqc678-MuiSvgIcon-root"
                        data-testid="CheckBoxOutlineBlankIcon"
                        focusable="false"
                        viewBox="0 0 24 24"
                      >
                        <path
                          d="M19 5v14H5V5h14m0-2H5c-1.1 0-2 .9-2 2v14c0 1.1.9 2 2 2h14c1.1 0 2-.9 2-2V5c0-1.1-.9-2-2-2z"
                        />
                      </svg>
                      <span
                        class="MuiTouchRipple-root mui-8je8zh-MuiTouchRipple-root"
                      />
                    </span>
                  </div>
                  <div
                    class="flexbox space-between"
                  >
                    <div
                      title="dc:a6:32:12:ad:bf"
                    >
                      <div
                        class="text-overflow"
                      >
                        dc:a6:32:12:ad:bf
                      </div>
                    </div>
                  </div>
                  <div
                    title="raspberrypi4"
                  >
                    <div
                      class="text-overflow"
                    >
                      raspberrypi4
                    </div>
                  </div>
                  <div>
                    <time
                      datetime="2019-01-01"
                    >
                      12 days ago
                    </time>
                  </div>
                  <div>
                    <div
                      aria-label="This device has not communicated with the Mender backend for a while. Click on the row to see more details"
                      class="MuiChip-root MuiChip-outlined MuiChip-sizeSmall MuiChip-colorDefault MuiChip-outlinedDefault deviceStatus margin-right-small mui-k8bn0o-MuiChip-root"
                      data-mui-internal-clone-element="true"
                    >
                      <svg
                        aria-hidden="true"
                        class="MuiSvgIcon-root MuiSvgIcon-fontSizeMedium MuiChip-icon MuiChip-iconSmall MuiChip-iconColorDefault mui-h560wp-MuiSvgIcon-root-warningIcon"
                        data-testid="ReportProblemOutlinedIcon"
                        focusable="false"
                        style="margin-left: 5px;"
                        viewBox="0 0 24 24"
                      >
                        <path
                          d="M12 5.99 19.53 19H4.47L12 5.99M12 2 1 21h22L12 2zm1 14h-2v2h2v-2zm0-6h-2v4h2v-4z"
                        />
                      </svg>
                      <span
                        class="MuiChip-label MuiChip-labelSmall mui-wjsjww-MuiChip-label"
                      >
                        <div
                          class="uppercased"
                        >
                          offline
                        </div>
                      </span>
                    </div>
                  </div>
                  <div>
                    <a
                      class="flexbox flexbox centered"
                      href="/devices/a1"
                    >
                      View details 
                      <svg
                        aria-hidden="true"
                        class="MuiSvgIcon-root MuiSvgIcon-fontSizeMedium mui-1lqc678-MuiSvgIcon-root"
                        data-testid="ArrowForwardIcon"
                        focusable="false"
                        style="font-size: 16px; margin-left: 8px;"
                        viewBox="0 0 24 24"
                      >
                        <path
                          d="m12 4-1.41 1.41L16.17 11H4v2h12.17l-5.58 5.59L12 20l8-8z"
                        />
                      </svg>
                    </a>
                  </div>
                </div>
              </div>
              <div
                class="footer flexbox margin-top"
              >
                <div
                  class="MuiTablePagination-root flexbox margin-top margin-top-none mui-1ub9kgf-MuiTablePagination-root"
                >
                  <div
                    class="MuiToolbar-root MuiToolbar-gutters MuiToolbar-regular MuiTablePagination-toolbar mui-78c6dr-MuiToolbar-root-MuiTablePagination-toolbar"
                  >
                    <div
                      class="MuiTablePagination-spacer flexbox no-basis mui-1psng7p-MuiTablePagination-spacer"
                    />
                    <p
                      class="MuiTablePagination-selectLabel mui-1ecnf2s-MuiTablePagination-selectLabel"
                      
                    >
                      Rows
                    </p>
                    <div
                      class="MuiInputBase-root MuiInputBase-colorPrimary mui-1y7ceb0-MuiInputBase-root-MuiTablePagination-select"
                    >
                      <div
                        aria-expanded="false"
                        aria-haspopup="listbox"
                        
                        class="MuiSelect-select MuiTablePagination-select MuiSelect-standard MuiInputBase-input mui-194a1fa-MuiSelect-select-MuiInputBase-input"
                        
                        role="button"
                        tabindex="0"
                      >
                        20
                      </div>
                      <input
                        aria-hidden="true"
                        aria-invalid="false"
                        class="MuiSelect-nativeInput mui-yf8vq0-MuiSelect-nativeInput"
                        tabindex="-1"
                        value="20"
                      />
                      <svg
                        aria-hidden="true"
                        class="MuiSvgIcon-root MuiSvgIcon-fontSizeMedium MuiSelect-icon MuiTablePagination-selectIcon MuiSelect-iconStandard mui-dwvfc1-MuiSvgIcon-root-MuiSelect-icon"
                        data-testid="ArrowDropDownIcon"
                        focusable="false"
                        viewBox="0 0 24 24"
                      >
                        <path
                          d="M7 10l5 5 5-5z"
                        />
                      </svg>
                    </div>
                    <p
                      class="MuiTablePagination-displayedRows mui-cmytl3-MuiTablePagination-displayedRows"
                    />
                    <div
                      class="flexbox center-aligned"
                    >
                      <div>
                        1-2 of 2
                      </div>
                      <button
                        class="MuiButtonBase-root Mui-disabled MuiIconButton-root Mui-disabled MuiIconButton-sizeLarge mui-ky8r02-MuiButtonBase-root-MuiIconButton-root"
                        disabled=""
                        tabindex="-1"
                        type="button"
                      >
                        <svg
                          aria-hidden="true"
                          class="MuiSvgIcon-root MuiSvgIcon-fontSizeMedium mui-1lqc678-MuiSvgIcon-root"
                          data-testid="KeyboardArrowLeftIcon"
                          focusable="false"
                          viewBox="0 0 24 24"
                        >
                          <path
                            d="M15.41 16.59 10.83 12l4.58-4.59L14 6l-6 6 6 6 1.41-1.41z"
                          />
                        </svg>
                      </button>
                      <div>
                        <button
                          class="MuiButtonBase-root Mui-disabled MuiIconButton-root Mui-disabled MuiIconButton-sizeLarge mui-ky8r02-MuiButtonBase-root-MuiIconButton-root"
                          disabled=""
                          tabindex="-1"
                          type="button"
                        >
                          <svg
                            aria-hidden="true"
                            class="MuiSvgIcon-root MuiSvgIcon-fontSizeMedium mui-1lqc678-MuiSvgIcon-root"
                            data-testid="KeyboardArrowRightIcon"
                            focusable="false"
                            viewBox="0 0 24 24"
                          >
                            <path
                              d="M8.59 16.59 13.17 12 8.59 7.41 10 6l6 6-6 6-1.41-1.41z"
                            />
                          </svg>
                        </button>
                      </div>
                    </div>
                  </div>
                </div>
                <div
                  class="loaderContainer"
                >
                  <div
                    class="small  loader"
                  >
                    <span
                      class="dot dot_1"
                    />
                    <span
                      class="dot dot_2"
                    />
                    <span
                      class="dot dot_3"
                    />
                    <span
                      class="dot dot_4"
                    />
                  </div>
                </div>
              </div>
            </div>
            <div
              class="tooltip help"
              data-mui-internal-clone-element="true"
              style="right: 45px;"
            >
              <svg
                aria-hidden="true"
                class="MuiSvgIcon-root MuiSvgIcon-fontSizeMedium mui-1lqc678-MuiSvgIcon-root"
                data-testid="HelpIcon"
                focusable="false"
                viewBox="0 0 24 24"
              >
                <path
                  d="M12 2C6.48 2 2 6.48 2 12s4.48 10 10 10 10-4.48 10-10S17.52 2 12 2zm1 17h-2v-2h2v2zm2.07-7.75-.9.92C13.45 12.9 13 13.5 13 15h-2v-.5c0-1.1.45-2.1 1.17-2.83l1.24-1.26c.37-.36.59-.86.59-1.41 0-1.1-.9-2-2-2s-2 .9-2 2H8c0-2.21 1.79-4 4-4s4 1.79 4 4c0 .88-.36 1.68-.93 2.25z"
                />
              </svg>
            </div>
          </div>
        </div>
      </div>
    </div>
  </div>
  <div
    class="mui-qbmtgw-progressBarContainer"
  />
</div>"
`;
