// Jest Snapshot v1, https://goo.gl/fbAQLP

exports[`AuthStatus Component renders correctly 1`] = `
.emotion-0 {
  -webkit-user-select: none;
  -moz-user-select: none;
  -ms-user-select: none;
  user-select: none;
  width: 1em;
  height: 1em;
  display: inline-block;
  fill: currentColor;
  -webkit-flex-shrink: 0;
  -ms-flex-negative: 0;
  flex-shrink: 0;
  -webkit-transition: fill 200ms cubic-bezier(0.4, 0, 0.2, 1) 0ms;
  transition: fill 200ms cubic-bezier(0.4, 0, 0.2, 1) 0ms;
  font-size: 1.3125rem;
}

.emotion-0 iconButton {
  margin-right: 8px;
}

.emotion-1 {
  max-width: 100%;
  font-family: Lato,sans-serif;
  font-size: 0.7109rem;
  display: -webkit-inline-box;
  display: -webkit-inline-flex;
  display: -ms-inline-flexbox;
  display: inline-flex;
  -webkit-align-items: center;
  -webkit-box-align: center;
  -ms-flex-align: center;
  align-items: center;
  -webkit-box-pack: center;
  -ms-flex-pack: center;
  -webkit-justify-content: center;
  justify-content: center;
  height: 24px;
  color: #fff;
  background-color: #14A452;
  border-radius: 16px;
  white-space: nowrap;
  -webkit-transition: background-color 300ms cubic-bezier(0.4, 0, 0.2, 1) 0ms,box-shadow 300ms cubic-bezier(0.4, 0, 0.2, 1) 0ms;
  transition: background-color 300ms cubic-bezier(0.4, 0, 0.2, 1) 0ms,box-shadow 300ms cubic-bezier(0.4, 0, 0.2, 1) 0ms;
  cursor: unset;
  outline: 0;
  -webkit-text-decoration: none;
  text-decoration: none;
  border: 0;
  padding: 0;
  vertical-align: middle;
  box-sizing: border-box;
}

.emotion-1.Mui-disabled {
  opacity: 0.38;
  pointer-events: none;
}

.emotion-1 .MuiChip-avatar {
  margin-left: 5px;
  margin-right: -6px;
  width: 24px;
  height: 24px;
  color: #bcbcbc;
  font-size: 0.6563rem;
}

.emotion-1 .MuiChip-avatarColorPrimary {
  color: #fff;
  background-color: rgb(14, 114, 57);
}

.emotion-1 .MuiChip-avatarColorSecondary {
  color: rgba(0, 0, 0, 0.87);
  background-color: rgb(178, 178, 178);
}

.emotion-1 .MuiChip-avatarSmall {
  margin-left: 4px;
  margin-right: -4px;
  width: 18px;
  height: 18px;
  font-size: 0.5469rem;
}

.emotion-1 .MuiChip-icon {
  margin-left: 4px;
  margin-right: -4px;
  font-size: 18px;
  color: inherit;
}

.emotion-1 .MuiChip-deleteIcon {
  -webkit-tap-highlight-color: transparent;
  color: rgba(255, 255, 255, 0.7);
  font-size: 16px;
  cursor: pointer;
  margin: 0 5px 0 -6px;
  margin-right: 4px;
  margin-left: -4px;
}

.emotion-1 .MuiChip-deleteIcon:hover {
  color: rgba(33, 33, 33, 0.4);
}

.emotion-1 .MuiChip-deleteIcon:hover,
.emotion-1 .MuiChip-deleteIcon:active {
  color: #fff;
}

.emotion-2 {
  overflow: hidden;
  text-overflow: ellipsis;
  padding-left: 8px;
  padding-right: 8px;
  white-space: nowrap;
}

.emotion-3 {
  background-color: #fff;
  color: #212121;
  -webkit-transition: box-shadow 300ms cubic-bezier(0.4, 0, 0.2, 1) 0ms;
  transition: box-shadow 300ms cubic-bezier(0.4, 0, 0.2, 1) 0ms;
  border-radius: 4px;
  box-shadow: 0px 2px 1px -1px rgba(0,0,0,0.2),0px 1px 1px 0px rgba(0,0,0,0.14),0px 1px 3px 0px rgba(0,0,0,0.12);
  position: relative;
  -webkit-transition: margin 150ms cubic-bezier(0.4, 0, 0.2, 1) 0ms;
  transition: margin 150ms cubic-bezier(0.4, 0, 0.2, 1) 0ms;
  overflow-anchor: none;
  border-radius: 0;
  border: none;
  box-shadow: none;
  padding: 0;
  border-color: #E6E6E6;
  background: #F6F6F6;
  border-style: solid;
  border-width: 1px;
  margin-bottom: 16px;
  max-width: 350px;
}

.emotion-3:before {
  position: absolute;
  left: 0;
  top: -1px;
  right: 0;
  height: 1px;
  content: "";
  opacity: 1;
  background-color: rgba(0, 0, 0, 0.12);
  -webkit-transition: opacity 150ms cubic-bezier(0.4, 0, 0.2, 1) 0ms,background-color 150ms cubic-bezier(0.4, 0, 0.2, 1) 0ms;
  transition: opacity 150ms cubic-bezier(0.4, 0, 0.2, 1) 0ms,background-color 150ms cubic-bezier(0.4, 0, 0.2, 1) 0ms;
}

.emotion-3:first-of-type:before {
  display: none;
}

.emotion-3.Mui-expanded:before {
  opacity: 0;
}

.emotion-3.Mui-expanded:first-of-type {
  margin-top: 0;
}

.emotion-3.Mui-expanded:last-of-type {
  margin-bottom: 0;
}

.emotion-3.Mui-expanded+.emotion-3.Mui-expanded:before {
  display: none;
}

.emotion-3.Mui-disabled {
  background-color: rgba(0, 0, 0, 0.12);
}

.emotion-3:first-of-type {
  border-top-left-radius: 4px;
  border-top-right-radius: 4px;
}

.emotion-3:last-of-type {
  border-bottom-left-radius: 4px;
  border-bottom-right-radius: 4px;
}

@supports (-ms-ime-align: auto) {
  .emotion-3:last-of-type {
    border-bottom-left-radius: 0;
    border-bottom-right-radius: 0;
  }
}

.emotion-3.Mui-expanded {
  margin: 16px 0;
}

.emotion-3:before {
  display: none;
}

.emotion-3.Mui-expanded {
  margin: auto;
}

.emotion-3.Mui-expanded {
  margin: 0 0 16px 0;
}

.emotion-4 {
  display: -webkit-inline-box;
  display: -webkit-inline-flex;
  display: -ms-inline-flexbox;
  display: inline-flex;
  -webkit-align-items: center;
  -webkit-box-align: center;
  -ms-flex-align: center;
  align-items: center;
  -webkit-box-pack: center;
  -ms-flex-pack: center;
  -webkit-justify-content: center;
  justify-content: center;
  position: relative;
  box-sizing: border-box;
  -webkit-tap-highlight-color: transparent;
  background-color: transparent;
  outline: 0;
  border: 0;
  margin: 0;
  border-radius: 0;
  padding: 0;
  cursor: pointer;
  -webkit-user-select: none;
  -moz-user-select: none;
  -ms-user-select: none;
  user-select: none;
  vertical-align: middle;
  -moz-appearance: none;
  -webkit-appearance: none;
  -webkit-text-decoration: none;
  text-decoration: none;
  color: inherit;
  display: -webkit-box;
  display: -webkit-flex;
  display: -ms-flexbox;
  display: flex;
  min-height: 48px;
  padding: 0px 16px;
  -webkit-transition: min-height 150ms cubic-bezier(0.4, 0, 0.2, 1) 0ms,background-color 150ms cubic-bezier(0.4, 0, 0.2, 1) 0ms;
  transition: min-height 150ms cubic-bezier(0.4, 0, 0.2, 1) 0ms,background-color 150ms cubic-bezier(0.4, 0, 0.2, 1) 0ms;
  margin-bottom: 0;
  -webkit-box-pack: start;
  -ms-flex-pack: start;
  -webkit-justify-content: flex-start;
  justify-content: flex-start;
  height: 48px;
  -webkit-box-pack: justify;
  -webkit-justify-content: space-between;
  justify-content: space-between;
}

.emotion-4::-moz-focus-inner {
  border-style: none;
}

.emotion-4.Mui-disabled {
  pointer-events: none;
  cursor: default;
}

@media print {
  .emotion-4 {
    -webkit-print-color-adjust: exact;
    color-adjust: exact;
  }
}

.emotion-4.Mui-focusVisible {
  background-color: rgba(0, 0, 0, 0.12);
}

.emotion-4.Mui-disabled {
  opacity: 0.38;
}

.emotion-4:hover:not(.Mui-disabled) {
  cursor: pointer;
}

.emotion-4.Mui-expanded {
  min-height: 64px;
}

.emotion-4.Mui-expanded {
  height: 48px;
  min-height: 48px;
}

.emotion-5 {
  display: -webkit-box;
  display: -webkit-flex;
  display: -ms-flexbox;
  display: flex;
  -webkit-box-flex: 1;
  -webkit-flex-grow: 1;
  -ms-flex-positive: 1;
  flex-grow: 1;
  margin: 12px 0;
  -webkit-transition: margin 150ms cubic-bezier(0.4, 0, 0.2, 1) 0ms;
  transition: margin 150ms cubic-bezier(0.4, 0, 0.2, 1) 0ms;
  -webkit-box-flex: initial;
  -webkit-flex-grow: initial;
  -ms-flex-positive: initial;
  flex-grow: initial;
  -webkit-align-items: center;
  -webkit-box-align: center;
  -ms-flex-align: center;
  align-items: center;
}

.emotion-5.Mui-expanded {
  margin: 20px 0;
}

.emotion-5.Mui-expanded {
  margin: 0;
}

.emotion-5>:last-child {
  padding-right: 12px;
}

.emotion-6 {
  display: -webkit-box;
  display: -webkit-flex;
  display: -ms-flexbox;
  display: flex;
  color: rgba(0, 0, 0, 0.54);
  -webkit-transform: rotate(0deg);
  -moz-transform: rotate(0deg);
  -ms-transform: rotate(0deg);
  transform: rotate(0deg);
  -webkit-transition: -webkit-transform 150ms cubic-bezier(0.4, 0, 0.2, 1) 0ms;
  transition: transform 150ms cubic-bezier(0.4, 0, 0.2, 1) 0ms;
}

.emotion-6.Mui-expanded {
  -webkit-transform: rotate(180deg);
  -moz-transform: rotate(180deg);
  -ms-transform: rotate(180deg);
  transform: rotate(180deg);
}

.emotion-8 {
  height: auto;
  overflow: visible;
  -webkit-transition: height 300ms cubic-bezier(0.4, 0, 0.2, 1) 0ms;
  transition: height 300ms cubic-bezier(0.4, 0, 0.2, 1) 0ms;
}

.emotion-9 {
  display: -webkit-box;
  display: -webkit-flex;
  display: -ms-flexbox;
  display: flex;
  width: 100%;
}

.emotion-10 {
  width: 100%;
}

.emotion-11 {
  padding: 8px 16px 16px;
  -webkit-flex-direction: column;
  -ms-flex-direction: column;
  flex-direction: column;
  padding-right: 0;
}

.emotion-12 .action-buttons div,
.emotion-12 .action-buttons a {
  margin-bottom: 16px;
}

.emotion-13 {
  background-color: #fff;
  color: #212121;
  -webkit-transition: box-shadow 300ms cubic-bezier(0.4, 0, 0.2, 1) 0ms;
  transition: box-shadow 300ms cubic-bezier(0.4, 0, 0.2, 1) 0ms;
  box-shadow: 0px 2px 1px -1px rgba(0,0,0,0.2),0px 1px 1px 0px rgba(0,0,0,0.14),0px 1px 3px 0px rgba(0,0,0,0.12);
  position: relative;
  -webkit-transition: margin 150ms cubic-bezier(0.4, 0, 0.2, 1) 0ms;
  transition: margin 150ms cubic-bezier(0.4, 0, 0.2, 1) 0ms;
  overflow-anchor: none;
  border: none;
  box-shadow: none;
  padding: 0;
  background: none;
}

.emotion-13:before {
  position: absolute;
  left: 0;
  top: -1px;
  right: 0;
  height: 1px;
  content: "";
  opacity: 1;
  background-color: rgba(0, 0, 0, 0.12);
  -webkit-transition: opacity 150ms cubic-bezier(0.4, 0, 0.2, 1) 0ms,background-color 150ms cubic-bezier(0.4, 0, 0.2, 1) 0ms;
  transition: opacity 150ms cubic-bezier(0.4, 0, 0.2, 1) 0ms,background-color 150ms cubic-bezier(0.4, 0, 0.2, 1) 0ms;
}

.emotion-13:first-of-type:before {
  display: none;
}

.emotion-13.Mui-expanded:before {
  opacity: 0;
}

.emotion-13.Mui-expanded:first-of-type {
  margin-top: 0;
}

.emotion-13.Mui-expanded:last-of-type {
  margin-bottom: 0;
}

.emotion-13.Mui-expanded+.emotion-13.Mui-expanded:before {
  display: none;
}

.emotion-13.Mui-disabled {
  background-color: rgba(0, 0, 0, 0.12);
}

.emotion-13.Mui-expanded {
  margin: 16px 0;
}

.emotion-13:before {
  display: none;
}

.emotion-13.Mui-expanded {
  margin: auto;
}

.emotion-14 {
  max-width: 100%;
  font-family: Lato,sans-serif;
  font-size: 0.7109rem;
  display: -webkit-inline-box;
  display: -webkit-inline-flex;
  display: -ms-inline-flexbox;
  display: inline-flex;
  -webkit-align-items: center;
  -webkit-box-align: center;
  -ms-flex-align: center;
  align-items: center;
  -webkit-box-pack: center;
  -ms-flex-pack: center;
  -webkit-justify-content: center;
  justify-content: center;
  height: 24px;
  color: #212121;
  background-color: rgba(0, 0, 0, 0.08);
  border-radius: 16px;
  white-space: nowrap;
  -webkit-transition: background-color 300ms cubic-bezier(0.4, 0, 0.2, 1) 0ms,box-shadow 300ms cubic-bezier(0.4, 0, 0.2, 1) 0ms;
  transition: background-color 300ms cubic-bezier(0.4, 0, 0.2, 1) 0ms,box-shadow 300ms cubic-bezier(0.4, 0, 0.2, 1) 0ms;
  cursor: unset;
  outline: 0;
  -webkit-text-decoration: none;
  text-decoration: none;
  border: 0;
  padding: 0;
  vertical-align: middle;
  box-sizing: border-box;
  border-radius: 2px;
  background-color: rgba(252, 195, 53, 0.20);
  padding: 4px 6px;
}

.emotion-14.Mui-disabled {
  opacity: 0.38;
  pointer-events: none;
}

.emotion-14 .MuiChip-avatar {
  margin-left: 5px;
  margin-right: -6px;
  width: 24px;
  height: 24px;
  color: #bcbcbc;
  font-size: 0.6563rem;
}

.emotion-14 .MuiChip-avatarColorPrimary {
  color: #fff;
  background-color: rgb(14, 114, 57);
}

.emotion-14 .MuiChip-avatarColorSecondary {
  color: rgba(0, 0, 0, 0.87);
  background-color: rgb(178, 178, 178);
}

.emotion-14 .MuiChip-avatarSmall {
  margin-left: 4px;
  margin-right: -4px;
  width: 18px;
  height: 18px;
  font-size: 0.5469rem;
}

.emotion-14 .MuiChip-icon {
  margin-left: 4px;
  margin-right: -4px;
  font-size: 18px;
  color: #bcbcbc;
}

.emotion-14 .MuiChip-deleteIcon {
  -webkit-tap-highlight-color: transparent;
  color: rgba(33, 33, 33, 0.26);
  font-size: 16px;
  cursor: pointer;
  margin: 0 5px 0 -6px;
  margin-right: 4px;
  margin-left: -4px;
}

.emotion-14 .MuiChip-deleteIcon:hover {
  color: rgba(33, 33, 33, 0.4);
}

.emotion-16.two-columns {
  row-gap: 12px;
  border-bottom: 1px solid #E6E6E6;
  grid-template-columns: 1fr 1.6fr;
}

.emotion-17.two-columns {
  display: grid;
  grid-template-columns: 1fr 2fr;
  -webkit-column-gap: 16px;
  column-gap: 16px;
  row-gap: 8px;
  color: #424242;
}

.emotion-17.two-columns .key b {
  font-weight: 400;
  color: #616161;
}

.emotion-18 {
  height: 0;
  overflow: hidden;
  -webkit-transition: height 300ms cubic-bezier(0.4, 0, 0.2, 1) 0ms;
  transition: height 300ms cubic-bezier(0.4, 0, 0.2, 1) 0ms;
  visibility: hidden;
}

.emotion-31 {
  display: -webkit-inline-box;
  display: -webkit-inline-flex;
  display: -ms-inline-flexbox;
  display: inline-flex;
  -webkit-align-items: center;
  -webkit-box-align: center;
  -ms-flex-align: center;
  align-items: center;
  -webkit-box-pack: center;
  -ms-flex-pack: center;
  -webkit-justify-content: center;
  justify-content: center;
  position: relative;
  box-sizing: border-box;
  -webkit-tap-highlight-color: transparent;
  background-color: transparent;
  outline: 0;
  border: 0;
  margin: 0;
  border-radius: 0;
  padding: 0;
  cursor: pointer;
  -webkit-user-select: none;
  -moz-user-select: none;
  -ms-user-select: none;
  user-select: none;
  vertical-align: middle;
  -moz-appearance: none;
  -webkit-appearance: none;
  -webkit-text-decoration: none;
  text-decoration: none;
  color: inherit;
  font-family: Lato,sans-serif;
  font-weight: 500;
  font-size: 0.7656rem;
  line-height: 1.75;
  text-transform: uppercase;
  min-width: 64px;
  padding: 6px 8px;
  border-radius: 4px;
  -webkit-transition: background-color 250ms cubic-bezier(0.4, 0, 0.2, 1) 0ms,box-shadow 250ms cubic-bezier(0.4, 0, 0.2, 1) 0ms,border-color 250ms cubic-bezier(0.4, 0, 0.2, 1) 0ms,color 250ms cubic-bezier(0.4, 0, 0.2, 1) 0ms;
  transition: background-color 250ms cubic-bezier(0.4, 0, 0.2, 1) 0ms,box-shadow 250ms cubic-bezier(0.4, 0, 0.2, 1) 0ms,border-color 250ms cubic-bezier(0.4, 0, 0.2, 1) 0ms,color 250ms cubic-bezier(0.4, 0, 0.2, 1) 0ms;
  color: #14A452;
  text-transform: none;
  border-radius: 4px;
  font-size: 14px;
  font-weight: bold;
  padding: 10px 15px;
}

.emotion-31::-moz-focus-inner {
  border-style: none;
}

.emotion-31.Mui-disabled {
  pointer-events: none;
  cursor: default;
}

@media print {
  .emotion-31 {
    -webkit-print-color-adjust: exact;
    color-adjust: exact;
  }
}

.emotion-31:hover {
  -webkit-text-decoration: none;
  text-decoration: none;
  background-color: rgba(20, 164, 82, 0.04);
}

@media (hover: none) {
  .emotion-31:hover {
    background-color: transparent;
  }
}

.emotion-31.Mui-disabled {
  color: rgba(0, 0, 0, 0.26);
}

.emotion-31:hover {
  colors: #14A452;
}

.emotion-31.MuiButton-text {
  color: #212121;
}

.emotion-31:hover {
  background: #F5F5F5;
}

.emotion-31.MuiButton-text {
  color: #D74936;
  border: 1px solid #D74936;
  padding: 6px 8px;
}

.emotion-32 {
  overflow: hidden;
  pointer-events: none;
  position: absolute;
  z-index: 0;
  top: 0;
  right: 0;
  bottom: 0;
  left: 0;
  border-radius: inherit;
}

<div
  class="margin-bottom "
>
  <div
    class="flexbox space-between"
    style="align-items: flex-start;"
  >
    <div
      class="flexbox center-aligned auth-status"
    >
      <h4>
        Authentication status
      </h4>
      <div
        class="flexbox center-aligned margin-left-large margin-right"
      >
        <div
          class="capitalized"
        >
          accepted
        </div>
        <svg
          aria-hidden="true"
          class="MuiSvgIcon-root MuiSvgIcon-fontSizeMedium green emotion-0"
          data-testid="CheckCircleIcon"
          focusable="false"
          style="margin: 12px;"
          viewBox="0 0 24 24"
        >
          <path
            d="M12 2C6.48 2 2 6.48 2 12s4.48 10 10 10 10-4.48 10-10S17.52 2 12 2zm-2 15-5-5 1.41-1.41L10 14.17l7.59-7.59L19 8l-9 9z"
          />
        </svg>
      </div>
      <div
        class="MuiChip-root MuiChip-filled MuiChip-sizeSmall MuiChip-colorPrimary MuiChip-filledPrimary emotion-1"
      >
        <span
          class="MuiChip-label MuiChip-labelSmall emotion-2"
        >
          new request
        </span>
      </div>
    </div>
    <div
      class="flexbox centered"
    />
  </div>
  <div />
  <div
    class="MuiPaper-root MuiPaper-elevation MuiPaper-rounded MuiPaper-elevation1 MuiAccordion-root MuiAccordion-rounded Mui-expanded MuiAccordion-gutters emotion-3"
  >
    <div
      aria-expanded="true"
      class="MuiButtonBase-root MuiAccordionSummary-root Mui-expanded MuiAccordionSummary-gutters emotion-4"
      role="button"
      tabindex="0"
    >
      <div
        class="MuiAccordionSummary-content Mui-expanded MuiAccordionSummary-contentGutters emotion-5"
      >
        Authorization sets
      </div>
      <div
        class="MuiAccordionSummary-expandIconWrapper Mui-expanded emotion-6"
      >
        <svg
          aria-hidden="true"
          class="MuiSvgIcon-root MuiSvgIcon-fontSizeMedium emotion-0"
          data-testid="ExpandMoreIcon"
          focusable="false"
          style="font-size: 24px;"
          viewBox="0 0 24 24"
        >
          <path
            d="M16.59 8.59 12 13.17 7.41 8.59 6 10l6 6 6-6z"
          />
        </svg>
      </div>
    </div>
    <div
      class="MuiCollapse-root MuiCollapse-vertical MuiCollapse-entered emotion-8"
      style="min-height: 0px;"
    >
      <div
        class="MuiCollapse-wrapper MuiCollapse-vertical emotion-9"
      >
        <div
          class="MuiCollapse-wrapperInner MuiCollapse-vertical emotion-10"
        >
          <div
            class="MuiAccordion-region"
            role="region"
          >
            <div
              class="MuiAccordionDetails-root accordion-details emotion-11"
            >
              <div
                class="authsets emotion-12"
              >
                <div
                  class="MuiPaper-root MuiPaper-elevation MuiPaper-elevation1 MuiAccordion-root MuiAccordion-gutters margin-bottom-medium emotion-13"
                >
                  <div
                    class="margin-top-medium"
                  >
                    <div
                      class="MuiChip-root MuiChip-filled MuiChip-sizeSmall MuiChip-colorDefault MuiChip-filledDefault margin-bottom-small emotion-14"
                    >
                      <span
                        class="MuiChip-label MuiChip-labelSmall emotion-2"
                      >
                        New
                      </span>
                    </div>
                    <div
                      class="break-all two-columns  emotion-16 emotion-17"
                    >
                      <div
                        class="align-right key"
                      >
                        <b>
                          Status
                        </b>
                      </div>
                      <div
                        class="flexbox "
                      >
                        <div
                          class="capitalized"
                        >
                          pending
                        </div>
                      </div>
                      <div
                        class="align-right key"
                      >
                        <b>
                          Public key
                        </b>
                      </div>
                      <div
                        class="flexbox "
                      >
                        <a>
                          show key
                        </a>
                      </div>
                      <div
                        class="align-right key"
                      >
                        <b>
                          Time of request
                        </b>
                      </div>
                      <div
                        class="flexbox "
                      >
                        <time
                          datetime="2019-01-13T06:25:00+00:00"
                        >
                          2019-01-13 06:25
                        </time>
                      </div>
                      <div
                        class="align-right key"
                      >
                        <b>
                          Actions
                        </b>
                      </div>
                      <div
                        class="flexbox "
                      >
                        <div
                          class="action-buttons"
                        >
                          <a
                            class="block"
                          >
                            Accept
                          </a>
                          <a
                            class="block"
                          >
                            Reject
                          </a>
                          <a
                            class="block"
                          >
                            Dismiss
                          </a>
                        </div>
                      </div>
                    </div>
                  </div>
                  <div
                    class="MuiCollapse-root MuiCollapse-vertical MuiCollapse-hidden emotion-18"
                    style="min-height: 0px;"
                  >
                    <div
                      class="MuiCollapse-wrapper MuiCollapse-vertical emotion-9"
                    >
                      <div
                        class="MuiCollapse-wrapperInner MuiCollapse-vertical emotion-10"
                      >
                        <div
                          class="MuiAccordion-region"
                          role="region"
                        >
                          <div
                            class="MuiAccordionDetails-root emotion-11"
                          >
                            <div
                              style="flex-grow: 1;"
                            />
                            <p
                              class="bold expanded"
                            >
                               Are you sure you want to continue?
                            </p>
                          </div>
                        </div>
                      </div>
                    </div>
                  </div>
                </div>
                <div
                  class="MuiPaper-root MuiPaper-elevation MuiPaper-elevation1 MuiAccordion-root MuiAccordion-gutters margin-bottom-medium emotion-13"
                >
                  <div
                    class="margin-top-medium"
                  >
                    <div
                      class="MuiChip-root MuiChip-filled MuiChip-sizeSmall MuiChip-colorDefault MuiChip-filledDefault margin-bottom-small emotion-14"
                    >
                      <span
                        class="MuiChip-label MuiChip-labelSmall emotion-2"
                      >
                        Active
                      </span>
                    </div>
                    <div
                      class="break-all two-columns  emotion-16 emotion-17"
                    >
                      <div
                        class="align-right key"
                      >
                        <b>
                          Status
                        </b>
                      </div>
                      <div
                        class="flexbox "
                      >
                        <div
                          class="capitalized"
                        >
                          accepted
                        </div>
                      </div>
                      <div
                        class="align-right key"
                      >
                        <b>
                          Public key
                        </b>
                      </div>
                      <div
                        class="flexbox "
                      >
                        <a>
                          show key
                        </a>
                      </div>
                      <div
                        class="align-right key"
                      >
                        <b>
                          Time of request
                        </b>
                      </div>
                      <div
                        class="flexbox "
                      >
                        <time
                          datetime="2019-01-13T06:25:00+00:00"
                        >
                          2019-01-13 06:25
                        </time>
                      </div>
                      <div
                        class="align-right key"
                      >
                        <b>
                          Actions
                        </b>
                      </div>
                      <div
                        class="flexbox "
                      >
                        <div
                          class="action-buttons"
                        >
                          <div>
                            Accept
                          </div>
                          <a
                            class="block"
                          >
                            Reject
                          </a>
                          <a
                            class="block"
                          >
                            Dismiss
                          </a>
                        </div>
                      </div>
                    </div>
                  </div>
                  <div
                    class="MuiCollapse-root MuiCollapse-vertical MuiCollapse-hidden emotion-18"
                    style="min-height: 0px;"
                  >
                    <div
                      class="MuiCollapse-wrapper MuiCollapse-vertical emotion-9"
                    >
                      <div
                        class="MuiCollapse-wrapperInner MuiCollapse-vertical emotion-10"
                      >
                        <div
                          class="MuiAccordion-region"
                          role="region"
                        >
                          <div
                            class="MuiAccordionDetails-root emotion-11"
                          >
                            <div
                              style="flex-grow: 1;"
                            />
                            <p
                              class="bold expanded"
                            >
                               Are you sure you want to continue?
                            </p>
                          </div>
                        </div>
                      </div>
                    </div>
                  </div>
                </div>
              </div>
              <div
                class="flexbox"
              >
                <button
                  class="MuiButtonBase-root MuiButton-root MuiButton-text MuiButton-textPrimary MuiButton-sizeMedium MuiButton-textSizeMedium MuiButton-root MuiButton-text MuiButton-textPrimary MuiButton-sizeMedium MuiButton-textSizeMedium emotion-31"
                  tabindex="0"
                  type="button"
                >
                  Decommission device
                  <span
                    class="MuiTouchRipple-root emotion-32"
                  />
                </button>
              </div>
            </div>
          </div>
        </div>
      </div>
    </div>
  </div>
</div>
`;
