// Jest Snapshot v1, https://goo.gl/fbAQLP

exports[`AuthStatus Component renders correctly 1`] = `
.emotion-0 {
  -webkit-user-select: none;
  -moz-user-select: none;
  -ms-user-select: none;
  user-select: none;
  width: 1em;
  height: 1em;
  display: inline-block;
  fill: currentColor;
  -webkit-flex-shrink: 0;
  -ms-flex-negative: 0;
  flex-shrink: 0;
  -webkit-transition: fill 200ms cubic-bezier(0.4, 0, 0.2, 1) 0ms;
  transition: fill 200ms cubic-bezier(0.4, 0, 0.2, 1) 0ms;
  font-size: 1.3929rem;
}

.emotion-0 iconButton {
  margin-right: 8px;
}

.emotion-1 {
  max-width: 100%;
  font-family: Lato,sans-serif;
  font-size: 0.7545rem;
  display: -webkit-inline-box;
  display: -webkit-inline-flex;
  display: -ms-inline-flexbox;
  display: inline-flex;
  -webkit-align-items: center;
  -webkit-box-align: center;
  -ms-flex-align: center;
  align-items: center;
  -webkit-box-pack: center;
  -ms-flex-pack: center;
  -webkit-justify-content: center;
  justify-content: center;
  height: 24px;
  color: #fff;
  background-color: #14A452;
  border-radius: 16px;
  white-space: nowrap;
  -webkit-transition: background-color 300ms cubic-bezier(0.4, 0, 0.2, 1) 0ms,box-shadow 300ms cubic-bezier(0.4, 0, 0.2, 1) 0ms;
  transition: background-color 300ms cubic-bezier(0.4, 0, 0.2, 1) 0ms,box-shadow 300ms cubic-bezier(0.4, 0, 0.2, 1) 0ms;
  outline: 0;
  -webkit-text-decoration: none;
  text-decoration: none;
  border: 0;
  padding: 0;
  vertical-align: middle;
  box-sizing: border-box;
}

.emotion-1.Mui-disabled {
  opacity: 0.38;
  pointer-events: none;
}

.emotion-1 .MuiChip-avatar {
  margin-left: 5px;
  margin-right: -6px;
  width: 24px;
  height: 24px;
  color: #bcbcbc;
  font-size: 0.6964rem;
}

.emotion-1 .MuiChip-avatarColorPrimary {
  color: #fff;
  background-color: rgb(14, 114, 57);
}

.emotion-1 .MuiChip-avatarColorSecondary {
  color: rgba(0, 0, 0, 0.87);
  background-color: rgb(178, 178, 178);
}

.emotion-1 .MuiChip-avatarSmall {
  margin-left: 4px;
  margin-right: -4px;
  width: 18px;
  height: 18px;
  font-size: 0.5804rem;
}

.emotion-1 .MuiChip-icon {
  margin-left: 4px;
  margin-right: -4px;
  font-size: 18px;
  color: inherit;
}

.emotion-1 .MuiChip-deleteIcon {
  -webkit-tap-highlight-color: transparent;
  color: rgba(255, 255, 255, 0.7);
  font-size: 16px;
  cursor: pointer;
  margin: 0 5px 0 -6px;
  margin-right: 4px;
  margin-left: -4px;
}

.emotion-1 .MuiChip-deleteIcon:hover {
  color: rgba(33, 33, 33, 0.4);
}

.emotion-1 .MuiChip-deleteIcon:hover,
.emotion-1 .MuiChip-deleteIcon:active {
  color: #fff;
}

.emotion-2 {
  overflow: hidden;
  text-overflow: ellipsis;
  padding-left: 8px;
  padding-right: 8px;
  white-space: nowrap;
}

<div
  class="margin-bottom "
>
  <div
    class="flexbox space-between"
    style="align-items: flex-start;"
  >
    <div
      class="flexbox center-aligned auth-status"
    >
      <h4>
        Authentication status
      </h4>
      <div
        class="flexbox center-aligned margin-left-large margin-right"
      >
        <div
          class="capitalized"
        >
          accepted
        </div>
        <svg
          aria-hidden="true"
          class="MuiSvgIcon-root MuiSvgIcon-fontSizeMedium green emotion-0"
          data-testid="CheckCircleIcon"
          focusable="false"
          style="margin: 12px;"
          viewBox="0 0 24 24"
        >
          <path
            d="M12 2C6.48 2 2 6.48 2 12s4.48 10 10 10 10-4.48 10-10S17.52 2 12 2zm-2 15-5-5 1.41-1.41L10 14.17l7.59-7.59L19 8l-9 9z"
          />
        </svg>
      </div>
      <div
        class="MuiChip-root MuiChip-filled MuiChip-sizeSmall MuiChip-colorPrimary MuiChip-filledPrimary emotion-1"
      >
        <span
          class="MuiChip-label MuiChip-labelSmall emotion-2"
        >
          new request
        </span>
      </div>
    </div>
    <div
      class="flexbox centered"
    />
  </div>
  <div />
  <div
    class="greyed"
  >
    This device is managed through Azure.
  </div>
</div>
`;
