// Jest Snapshot v1, https://goo.gl/fbAQLP

exports[`DeviceInventory Component renders correctly 1`] = `
.emotion-0.two-columns {
  display: grid;
  grid-template-columns: 1fr 2fr;
  -webkit-column-gap: 16px;
  column-gap: 16px;
  row-gap: 8px;
  color: #424242;
}

.emotion-0.two-columns .key b {
  font-weight: 400;
  color: #616161;
}

.emotion-1 {
  -webkit-user-select: none;
  -moz-user-select: none;
  -ms-user-select: none;
  user-select: none;
  width: 1em;
  height: 1em;
  display: inline-block;
  fill: currentColor;
  -webkit-flex-shrink: 0;
  -ms-flex-negative: 0;
  flex-shrink: 0;
  -webkit-transition: fill 200ms cubic-bezier(0.4, 0, 0.2, 1) 0ms;
  transition: fill 200ms cubic-bezier(0.4, 0, 0.2, 1) 0ms;
  font-size: 1.0938rem;
  color: #14A452;
}

.emotion-1 iconButton {
  margin-right: 8px;
}

<div
  class="margin-bottom "
>
  <div
    class="flexbox space-between"
    style="align-items: flex-start;"
  >
    <h4
      class="margin-bottom-small"
    >
      Device inventory
    </h4>
    <div
      class="flexbox centered"
    />
  </div>
  <div />
  <div
    class="two-columns-multiple "
  >
    <div
      class="break-all two-columns compact column-data multiple emotion-0"
    >
      <div
        class="align-right key"
      >
        <b>
          artifact_name
        </b>
      </div>
      <div
        class="flexbox clickable"
      >
        <div
          title="myapp"
        >
          myapp
        </div>
        <svg
          aria-hidden="true"
          aria-label="Copy to clipboard"
          class="MuiSvgIcon-root MuiSvgIcon-colorPrimary MuiSvgIcon-fontSizeSmall margin-left-small fadeOut emotion-1"
          data-mui-internal-clone-element="true"
          data-testid="FileCopyOutlinedIcon"
          focusable="false"
          viewBox="0 0 24 24"
        >
          <path
            d="M16 1H4c-1.1 0-2 .9-2 2v14h2V3h12zm-1 4H8c-1.1 0-1.99.9-1.99 2L6 21c0 1.1.89 2 1.99 2H19c1.1 0 2-.9 2-2V11zM8 21V7h6v5h5v9z"
          />
        </svg>
      </div>
    </div>
    <div
      class="break-all two-columns compact column-data multiple emotion-0"
    >
      <div
        class="align-right key"
      >
        <b>
          ipv4_wlan0
        </b>
      </div>
      <div
        class="flexbox clickable"
      >
        <div
          title="192.168.10.141/24"
        >
          192.168.10.141/24
        </div>
        <svg
          aria-hidden="true"
          aria-label="Copy to clipboard"
          class="MuiSvgIcon-root MuiSvgIcon-colorPrimary MuiSvgIcon-fontSizeSmall margin-left-small fadeOut emotion-1"
          data-mui-internal-clone-element="true"
          data-testid="FileCopyOutlinedIcon"
          focusable="false"
          viewBox="0 0 24 24"
        >
          <path
            d="M16 1H4c-1.1 0-2 .9-2 2v14h2V3h12zm-1 4H8c-1.1 0-1.99.9-1.99 2L6 21c0 1.1.89 2 1.99 2H19c1.1 0 2-.9 2-2V11zM8 21V7h6v5h5v9z"
          />
        </svg>
      </div>
    </div>
  </div>
</div>
`;
