// Jest Snapshot v1, https://goo.gl/fbAQLP

exports[`BaseOnboardingTip Component renders correctly 1`] = `
.emotion-0 {
  -webkit-user-select: none;
  -moz-user-select: none;
  -ms-user-select: none;
  user-select: none;
  width: 1em;
  height: 1em;
  display: inline-block;
  fill: currentColor;
  -webkit-flex-shrink: 0;
  -ms-flex-negative: 0;
  flex-shrink: 0;
  -webkit-transition: fill 200ms cubic-bezier(0.4, 0, 0.2, 1) 0ms;
  transition: fill 200ms cubic-bezier(0.4, 0, 0.2, 1) 0ms;
  font-size: 1.3125rem;
}

.emotion-0 iconButton {
  margin-right: 8px;
}

.emotion-1 {
  z-index: 1500;
  pointer-events: auto;
}

.emotion-2 {
  background-color: rgba(188, 188, 188, 0.92);
  border-radius: 4px;
  color: #fff;
  font-family: Lato,sans-serif;
  padding: 4px 8px;
  font-size: 0.6016rem;
  max-width: 300px;
  margin: 2px;
  word-wrap: break-word;
  font-weight: 500;
  background-color: rgb(50, 50, 50);
  background-color: #0F8843;
  box-shadow: 0px 2px 1px -1px rgba(0,0,0,0.2),0px 1px 1px 0px rgba(0,0,0,0.14),0px 1px 3px 0px rgba(0,0,0,0.12);
  color: #F5F5F5;
  font-size: 14px;
  max-width: 330px;
  padding: 21px 16px;
  width: 330px;
}

.MuiTooltip-popper[data-popper-placement*="left"] .emotion-2 {
  transform-origin: right center;
  margin-right: 14px;
}

.MuiTooltip-popper[data-popper-placement*="right"] .emotion-2 {
  transform-origin: left center;
  margin-left: 14px;
}

.MuiTooltip-popper[data-popper-placement*="top"] .emotion-2 {
  transform-origin: center bottom;
  margin-bottom: 14px;
}

.MuiTooltip-popper[data-popper-placement*="bottom"] .emotion-2 {
  transform-origin: center top;
  margin-top: 14px;
}

.emotion-2 h3 {
  font-size: 22px;
  margin-top: 0;
}

.emotion-2 a,
.emotion-2 a:hover {
  color: #F5F5F5;
  font-weight: 500;
}

.emotion-2.MuiTooltip-tooltipPlacementTop {
  margin-left: 34px;
  margin-bottom: 0;
  -webkit-transform: translateY(34px)!important;
  -moz-transform: translateY(34px)!important;
  -ms-transform: translateY(34px)!important;
  transform: translateY(34px)!important;
}

.emotion-2.MuiTooltip-tooltipPlacementRight {
  margin-top: 17px;
}

.emotion-2.MuiTooltip-tooltipPlacementBottom {
  margin-left: 34px;
}

.emotion-2.MuiTooltip-tooltipPlacementLeft {
  margin-top: 34px;
  -webkit-transform: translateX(34px)!important;
  -moz-transform: translateX(34px)!important;
  -ms-transform: translateX(34px)!important;
  transform: translateX(34px)!important;
  padding-right: 20px;
}

<body>
  <div>
    <div
      aria-labelledby="test"
      class="onboard-tip"
      data-mui-internal-clone-element="true"
      style="left: -14px; top: 1px; overflow: initial;"
    >
      <div
        class="tooltip onboard-icon bottom"
      >
        <svg
          aria-hidden="true"
          class="MuiSvgIcon-root MuiSvgIcon-fontSizeMedium emotion-0"
          data-testid="ArrowCircleRightIcon"
          focusable="false"
          style="font-size: 30px; transform: rotate(270deg);"
          viewBox="0 0 24 24"
        >
          <path
            d="M22 12c0-5.52-4.48-10-10-10S2 6.48 2 12s4.48 10 10 10 10-4.48 10-10m-10 1H8v-2h4V8l4 4-4 4z"
          />
        </svg>
      </div>
    </div>
    <div
      class="base-Popper-root MuiTooltip-popper MuiTooltip-popperInteractive emotion-1"
      data-popper-escaped=""
      data-popper-placement="bottom"
      data-popper-reference-hidden=""
      id="test"
      role="tooltip"
      style="position: fixed; top: 0px; left: 0px; margin: 0px; transform: translate(0px, 0px);"
    >
      <div
        class="MuiTooltip-tooltip MuiTooltip-tooltipPlacementBottom emotion-2"
        style="opacity: 1; transform: scale(1, 1); transition: opacity 200ms cubic-bezier(0.4, 0, 0.2, 1) 0ms,transform 133ms cubic-bezier(0.4, 0, 0.2, 1) 0ms;"
      >
        <div
          class="content"
        >
          <div>
            Testcontent
          </div>
          <div
            class="flexbox space-between flexbox-grow"
          >
            <a
              style="font-size: 12px; font-weight: 500;"
            >
              No thanks, I don’t need help
            </a>
          </div>
        </div>
      </div>
    </div>
  </div>
</body>
`;
