// Jest Snapshot v1, https://goo.gl/fbAQLP

exports[`Upgrade Component renders correctly 1`] = `
.emotion-0 {
  border-color: #e6f2f1;
}

.emotion-0.planPanel {
  padding: 0;
  max-width: 205px;
  margin-right: 18px;
}

.emotion-0.trial .title {
  background: #616161;
}

.emotion-1 {
  background: #14A452;
  color: #F5F5F5;
  text-align: center;
  margin: 0;
  padding: 11px 0px;
  font-size: 14px;
  font-weight: 700;
  border-radius: 5px 5px 0px 0px;
}

.emotion-2 {
  padding: 11px 23px 25px 23px;
}

.emotion-3 {
  margin: 0 auto;
  width: -webkit-fit-content;
  width: -moz-fit-content;
  width: fit-content;
}

.emotion-4 {
  display: -webkit-box;
  display: -webkit-flex;
  display: -ms-flexbox;
  display: flex;
  -webkit-align-items: center;
  -webkit-box-align: center;
  -ms-flex-align: center;
  align-items: center;
}

.emotion-4 b {
  font-size: 18px;
  letter-spacing: 0.15px;
}

.emotion-4 span {
  font-size: 12px;
  color: #616161;
  letter-spacing: 0.5px;
  margin-right: 8px;
}

.emotion-6 {
  -webkit-user-select: none;
  -moz-user-select: none;
  -ms-user-select: none;
  user-select: none;
  width: 1em;
  height: 1em;
  display: inline-block;
  fill: currentColor;
  -webkit-flex-shrink: 0;
  -ms-flex-negative: 0;
  flex-shrink: 0;
  -webkit-transition: fill 200ms cubic-bezier(0.4, 0, 0.2, 1) 0ms;
  transition: fill 200ms cubic-bezier(0.4, 0, 0.2, 1) 0ms;
  font-size: 1.3929rem;
  color: #14A452;
  font-size: 16px;
  margin-right: 4px;
}

.emotion-6 iconButton {
  margin-right: 8px;
}

.emotion-8 {
  display: -webkit-box;
  display: -webkit-flex;
  display: -ms-flexbox;
  display: flex;
  -webkit-align-items: baseline;
  -webkit-box-align: baseline;
  -ms-flex-align: baseline;
  align-items: baseline;
  margin-bottom: 8px;
}

.emotion-22 {
  -webkit-user-select: none;
  -moz-user-select: none;
  -ms-user-select: none;
  user-select: none;
  width: 1em;
  height: 1em;
  display: inline-block;
  fill: currentColor;
  -webkit-flex-shrink: 0;
  -ms-flex-negative: 0;
  flex-shrink: 0;
  -webkit-transition: fill 200ms cubic-bezier(0.4, 0, 0.2, 1) 0ms;
  transition: fill 200ms cubic-bezier(0.4, 0, 0.2, 1) 0ms;
}

.emotion-22 iconButton {
  margin-right: 8px;
}

<div
  class="margin-top-small"
  style="max-width: 750px;"
>
  <h2
    style="margin-top: 15px;"
  >
    Upgrade now
  </h2>
  <p>
    To get access to support, continue using Alvaldi, and add more users or devices, upgrade to one of our paid plans. Learn more about the different plans at
     
    <a
      href="https://alvaldi.com/pricing"
      rel="noopener noreferrer"
      target="_blank"
    >
      alvaldi.com/pricing
    </a>
    . Prices change according to the number of users and devices, please see our
     
    <a
      href="https://alvaldi.com/pricing#calculator"
      rel="noopener noreferrer"
      target="_blank"
    >
      price calculator
    </a>
     
    for more information.
  </p>
  <h2
    class="margin-top-xl margin-bottom"
  >
    Our plans
  </h2>
  <div
    class="margin-bottom-small"
  >
    Your current plan: 
    Free trial
  </div>
  <div
    class="flexbox"
    style="padding-bottom: 15px;"
  >
    <div
      class="planPanel emotion-0 "
    >
      <h4
        class="emotion-1 title"
      >
        Alvaldi Basic
         
      </h4>
      <div
        class="emotion-2"
      >
        <div>
          <div
            class="emotion-3 emotion-4"
          >
            <span>
              From
            </span>
             
            <b
              class="price"
            >
              3$ / month
            </b>
          </div>
          <div
            class="emotion-3"
            style="margin-top: 17px; margin-bottom: 30px;"
          >
            <div
              class="flexbox center-aligned"
            >
              <svg
                aria-hidden="true"
                class="MuiSvgIcon-root MuiSvgIcon-fontSizeMedium emotion-6"
                data-testid="PersonIcon"
                focusable="false"
                viewBox="0 0 24 24"
              >
                <path
                  d="M12 12c2.21 0 4-1.79 4-4s-1.79-4-4-4-4 1.79-4 4 1.79 4 4 4zm0 2c-2.67 0-8 1.34-8 4v2h16v-2c0-2.66-5.33-4-8-4z"
                />
              </svg>
              2+ users
            </div>
            <div
              class="margin-top-xs flexbox center-aligned"
            >
              <svg
                aria-hidden="true"
                class="MuiSvgIcon-root MuiSvgIcon-fontSizeMedium emotion-6"
                data-testid="DeveloperBoardIcon"
                focusable="false"
                viewBox="0 0 24 24"
              >
                <path
                  d="M22 9V7h-2V5c0-1.1-.9-2-2-2H4c-1.1 0-2 .9-2 2v14c0 1.1.9 2 2 2h14c1.1 0 2-.9 2-2v-2h2v-2h-2v-2h2v-2h-2V9h2zm-4 10H4V5h14v14zM6 13h5v4H6zm6-6h4v3h-4zM6 7h5v5H6zm6 4h4v6h-4z"
                />
              </svg>
               
              10+ devices
            </div>
          </div>
        </div>
        <ul
          class="unstyled"
        >
          <li>
            <div
              class="emotion-8"
            >
              <svg
                aria-hidden="true"
                class="MuiSvgIcon-root MuiSvgIcon-fontSizeMedium emotion-6"
                data-testid="CheckIcon"
                focusable="false"
                viewBox="0 0 24 24"
              >
                <path
                  d="M9 16.17 4.83 12l-1.42 1.41L9 19 21 7l-1.41-1.41z"
                />
              </svg>
              Access to core features of Alvaldi
            </div>
          </li>
          <li>
            <div
              class="emotion-8"
            >
              <svg
                aria-hidden="true"
                class="MuiSvgIcon-root MuiSvgIcon-fontSizeMedium emotion-6"
                data-testid="CheckIcon"
                focusable="false"
                viewBox="0 0 24 24"
              >
                <path
                  d="M9 16.17 4.83 12l-1.42 1.41L9 19 21 7l-1.41-1.41z"
                />
              </svg>
              Technical support
            </div>
          </li>
        </ul>
        <div>
          <b />
        </div>
      </div>
    </div>
    <div
      class="planPanel emotion-0 "
    >
      <h4
        class="emotion-1 title"
      >
        Alvaldi Professional
         
      </h4>
      <div
        class="emotion-2"
      >
        <div>
          <div
            class="emotion-3 emotion-4"
          >
            <span>
              From
            </span>
             
            <b
              class="price"
            >
              8$ / month
            </b>
          </div>
          <div
            class="emotion-3"
            style="margin-top: 17px; margin-bottom: 30px;"
          >
            <div
              class="flexbox center-aligned"
            >
              <svg
                aria-hidden="true"
                class="MuiSvgIcon-root MuiSvgIcon-fontSizeMedium emotion-6"
                data-testid="PersonIcon"
                focusable="false"
                viewBox="0 0 24 24"
              >
                <path
                  d="M12 12c2.21 0 4-1.79 4-4s-1.79-4-4-4-4 1.79-4 4 1.79 4 4 4zm0 2c-2.67 0-8 1.34-8 4v2h16v-2c0-2.66-5.33-4-8-4z"
                />
              </svg>
              5+ users
            </div>
            <div
              class="margin-top-xs flexbox center-aligned"
            >
              <svg
                aria-hidden="true"
                class="MuiSvgIcon-root MuiSvgIcon-fontSizeMedium emotion-6"
                data-testid="DeveloperBoardIcon"
                focusable="false"
                viewBox="0 0 24 24"
              >
                <path
                  d="M22 9V7h-2V5c0-1.1-.9-2-2-2H4c-1.1 0-2 .9-2 2v14c0 1.1.9 2 2 2h14c1.1 0 2-.9 2-2v-2h2v-2h-2v-2h2v-2h-2V9h2zm-4 10H4V5h14v14zM6 13h5v4H6zm6-6h4v3h-4zM6 7h5v5H6zm6 4h4v6h-4z"
                />
              </svg>
               
              10+ devices
            </div>
          </div>
        </div>
        <ul
          class="unstyled"
        >
          <li>
            <div
              class="emotion-8"
            >
              <svg
                aria-hidden="true"
                class="MuiSvgIcon-root MuiSvgIcon-fontSizeMedium emotion-6"
                data-testid="CheckIcon"
                focusable="false"
                viewBox="0 0 24 24"
              >
                <path
                  d="M9 16.17 4.83 12l-1.42 1.41L9 19 21 7l-1.41-1.41z"
                />
              </svg>
              Full audit log
              <svg
                aria-hidden="true"
                aria-label="Audit logs are kept accessible for 90 days and you have the option of exporting them regularly to retain them longer, according to your requirements."
                class="MuiSvgIcon-root MuiSvgIcon-fontSize16 margin-left-small muted emotion-22"
                data-mui-internal-clone-element="true"
                data-testid="HelpOutlineIcon"
                focusable="false"
                viewBox="0 0 24 24"
              >
                <path
                  d="M11 18h2v-2h-2v2zm1-16C6.48 2 2 6.48 2 12s4.48 10 10 10 10-4.48 10-10S17.52 2 12 2zm0 18c-4.41 0-8-3.59-8-8s3.59-8 8-8 8 3.59 8 8-3.59 8-8 8zm0-14c-2.21 0-4 1.79-4 4h2c0-1.1.9-2 2-2s2 .9 2 2c0 2-3 1.75-3 5h2c0-2.25 3-2.5 3-5 0-2.21-1.79-4-4-4z"
                />
              </svg>
            </div>
          </li>
          <li>
            <div
              class="emotion-8"
            >
              <svg
                aria-hidden="true"
                class="MuiSvgIcon-root MuiSvgIcon-fontSizeMedium emotion-6"
                data-testid="CheckIcon"
                focusable="false"
                viewBox="0 0 24 24"
              >
                <path
                  d="M9 16.17 4.83 12l-1.42 1.41L9 19 21 7l-1.41-1.41z"
                />
              </svg>
              Data localization guaranteed
              <svg
                aria-hidden="true"
                aria-label="You can choose whether you want your data to be stored and processed in the EU or US."
                class="MuiSvgIcon-root MuiSvgIcon-fontSize16 margin-left-small muted emotion-22"
                data-mui-internal-clone-element="true"
                data-testid="HelpOutlineIcon"
                focusable="false"
                viewBox="0 0 24 24"
              >
                <path
                  d="M11 18h2v-2h-2v2zm1-16C6.48 2 2 6.48 2 12s4.48 10 10 10 10-4.48 10-10S17.52 2 12 2zm0 18c-4.41 0-8-3.59-8-8s3.59-8 8-8 8 3.59 8 8-3.59 8-8 8zm0-14c-2.21 0-4 1.79-4 4h2c0-1.1.9-2 2-2s2 .9 2 2c0 2-3 1.75-3 5h2c0-2.25 3-2.5 3-5 0-2.21-1.79-4-4-4z"
                />
              </svg>
            </div>
          </li>
        </ul>
        <div>
          <b>
            ...and everything in Alvaldi Basic
          </b>
        </div>
      </div>
    </div>
  </div>
  <div
    class="margin-top"
  >
    <span>
      Want to change your plan or simply have questions?
    </span>
     
    <a
      class="margin-left-xs"
      href="https://alvaldi.com/contact"
      rel="noopener noreferrer"
      target="_blank"
    >
      Contact us
    </a>
  </div>
</div>
`;

exports[`smaller components renders PostUpgradeNote correctly 1`] = `
<div
  class="margin-top-small"
  style="max-width: 750px;"
>
  <h2
    style="margin-top: 15px;"
  >
    Upgrade now
  </h2>
  <div>
    <p>
      <b>
        Your upgrade was successful! 
      </b>
      You are now signed up to the 
      <b />
       plan.
    </p>
    <p>
      Redirecting you to your organization page...
    </p>
    <div
      class="loaderContainer"
    >
      <div
        class="  loader"
      >
        <span
          class="dot dot_1"
        />
        <span
          class="dot dot_2"
        />
        <span
          class="dot dot_3"
        />
        <span
          class="dot dot_4"
        />
      </div>
    </div>
  </div>
</div>
`;

exports[`smaller components renders PricingContactNote correctly 1`] = `
.emotion-0 {
  color: rgba(0, 0, 0, 0.38);
  margin: 15px 0;
}

.emotion-1 {
  -webkit-user-select: none;
  -moz-user-select: none;
  -ms-user-select: none;
  user-select: none;
  width: 1em;
  height: 1em;
  display: inline-block;
  fill: currentColor;
  -webkit-flex-shrink: 0;
  -ms-flex-negative: 0;
  flex-shrink: 0;
  -webkit-transition: fill 200ms cubic-bezier(0.4, 0, 0.2, 1) 0ms;
  transition: fill 200ms cubic-bezier(0.4, 0, 0.2, 1) 0ms;
  font-size: 1.3929rem;
}

.emotion-1 iconButton {
  margin-right: 8px;
}

<p
  class="emotion-0 "
>
  <svg
    aria-hidden="true"
    class="MuiSvgIcon-root MuiSvgIcon-fontSizeMedium emotion-1"
    data-testid="InfoOutlinedIcon"
    focusable="false"
    style="font-size: 14px; margin: 0px 4px 4px 0px; vertical-align: middle;"
    viewBox="0 0 24 24"
  >
    <path
      d="M11 7h2v2h-2zm0 4h2v6h-2zm1-9C6.48 2 2 6.48 2 12s4.48 10 10 10 10-4.48 10-10S17.52 2 12 2zm0 18c-4.41 0-8-3.59-8-8s3.59-8 8-8 8 3.59 8 8-3.59 8-8 8z"
    />
  </svg>
  If you have any questions about the plan pricing or device limits,
   
  <a
    href="mailto:contact@mender.io"
    rel="noopener noreferrer"
    target="_blank"
  >
    contact our team
  </a>
  .
</p>
`;
