// Jest Snapshot v1, https://goo.gl/fbAQLP

exports[`ConfigurationObject Component renders correctly 1`] = `
.emotion-0.two-columns {
  display: grid;
  grid-template-columns: 1fr 2fr;
  -webkit-column-gap: 16px;
  column-gap: 16px;
  row-gap: 8px;
  color: #424242;
}

.emotion-0.two-columns .key b {
  font-weight: 400;
  color: #616161;
}

<div
  class="break-all two-columns  column-data  emotion-0"
>
  <div
    class="align-right key"
  >
    <b>
      uiPasswordRequired
    </b>
  </div>
  <div
    class="flexbox "
  >
    <div
      title="true"
    >
      true
    </div>
  </div>
  <div
    class="align-right key"
  >
    <b>
      foo
    </b>
  </div>
  <div
    class="flexbox "
  >
    <div
      title="bar"
    >
      bar
    </div>
  </div>
  <div
    class="align-right key"
  >
    <b>
      timezone
    </b>
  </div>
  <div
    class="flexbox "
  >
    <div
      title="GMT+2"
    >
      GMT+2
    </div>
  </div>
</div>
`;
