// Jest Snapshot v1, https://goo.gl/fbAQLP

exports[`AuthsetList Component renders correctly 1`] = `
.emotion-0 .action-buttons div,
.emotion-0 .action-buttons a {
  margin-bottom: 16px;
}

.emotion-1 {
  background-color: #fff;
  color: #212121;
  -webkit-transition: box-shadow 300ms cubic-bezier(0.4, 0, 0.2, 1) 0ms;
  transition: box-shadow 300ms cubic-bezier(0.4, 0, 0.2, 1) 0ms;
  box-shadow: 0px 2px 1px -1px rgba(0,0,0,0.2),0px 1px 1px 0px rgba(0,0,0,0.14),0px 1px 3px 0px rgba(0,0,0,0.12);
  position: relative;
  -webkit-transition: margin 150ms cubic-bezier(0.4, 0, 0.2, 1) 0ms;
  transition: margin 150ms cubic-bezier(0.4, 0, 0.2, 1) 0ms;
  overflow-anchor: none;
  border: none;
  box-shadow: none;
  padding: 0;
  background: none;
}

.emotion-1:before {
  position: absolute;
  left: 0;
  top: -1px;
  right: 0;
  height: 1px;
  content: "";
  opacity: 1;
  background-color: rgba(0, 0, 0, 0.12);
  -webkit-transition: opacity 150ms cubic-bezier(0.4, 0, 0.2, 1) 0ms,background-color 150ms cubic-bezier(0.4, 0, 0.2, 1) 0ms;
  transition: opacity 150ms cubic-bezier(0.4, 0, 0.2, 1) 0ms,background-color 150ms cubic-bezier(0.4, 0, 0.2, 1) 0ms;
}

.emotion-1:first-of-type:before {
  display: none;
}

.emotion-1.Mui-expanded:before {
  opacity: 0;
}

.emotion-1.Mui-expanded:first-of-type {
  margin-top: 0;
}

.emotion-1.Mui-expanded:last-of-type {
  margin-bottom: 0;
}

.emotion-1.Mui-expanded+.emotion-1.Mui-expanded:before {
  display: none;
}

.emotion-1.Mui-disabled {
  background-color: rgba(0, 0, 0, 0.12);
}

.emotion-1.Mui-expanded {
  margin: 16px 0;
}

.emotion-1:before {
  display: none;
}

.emotion-1.Mui-expanded {
  margin: auto;
}

.emotion-2 {
  max-width: 100%;
  font-family: Lato,sans-serif;
  font-size: 0.7109rem;
  display: -webkit-inline-box;
  display: -webkit-inline-flex;
  display: -ms-inline-flexbox;
  display: inline-flex;
  -webkit-align-items: center;
  -webkit-box-align: center;
  -ms-flex-align: center;
  align-items: center;
  -webkit-box-pack: center;
  -ms-flex-pack: center;
  -webkit-justify-content: center;
  justify-content: center;
  height: 24px;
  color: #212121;
  background-color: rgba(0, 0, 0, 0.08);
  border-radius: 16px;
  white-space: nowrap;
  -webkit-transition: background-color 300ms cubic-bezier(0.4, 0, 0.2, 1) 0ms,box-shadow 300ms cubic-bezier(0.4, 0, 0.2, 1) 0ms;
  transition: background-color 300ms cubic-bezier(0.4, 0, 0.2, 1) 0ms,box-shadow 300ms cubic-bezier(0.4, 0, 0.2, 1) 0ms;
  cursor: unset;
  outline: 0;
  -webkit-text-decoration: none;
  text-decoration: none;
  border: 0;
  padding: 0;
  vertical-align: middle;
  box-sizing: border-box;
  border-radius: 2px;
  background-color: rgba(252, 195, 53, 0.20);
  padding: 4px 6px;
}

.emotion-2.Mui-disabled {
  opacity: 0.38;
  pointer-events: none;
}

.emotion-2 .MuiChip-avatar {
  margin-left: 5px;
  margin-right: -6px;
  width: 24px;
  height: 24px;
  color: #bcbcbc;
  font-size: 0.6563rem;
}

.emotion-2 .MuiChip-avatarColorPrimary {
  color: #fff;
  background-color: rgb(14, 114, 57);
}

.emotion-2 .MuiChip-avatarColorSecondary {
  color: rgba(0, 0, 0, 0.87);
  background-color: rgb(178, 178, 178);
}

.emotion-2 .MuiChip-avatarSmall {
  margin-left: 4px;
  margin-right: -4px;
  width: 18px;
  height: 18px;
  font-size: 0.5469rem;
}

.emotion-2 .MuiChip-icon {
  margin-left: 4px;
  margin-right: -4px;
  font-size: 18px;
  color: #bcbcbc;
}

.emotion-2 .MuiChip-deleteIcon {
  -webkit-tap-highlight-color: transparent;
  color: rgba(33, 33, 33, 0.26);
  font-size: 16px;
  cursor: pointer;
  margin: 0 5px 0 -6px;
  margin-right: 4px;
  margin-left: -4px;
}

.emotion-2 .MuiChip-deleteIcon:hover {
  color: rgba(33, 33, 33, 0.4);
}

.emotion-3 {
  overflow: hidden;
  text-overflow: ellipsis;
  padding-left: 8px;
  padding-right: 8px;
  white-space: nowrap;
}

.emotion-4.two-columns {
  row-gap: 12px;
  border-bottom: 1px solid #E6E6E6;
  grid-template-columns: 1fr 1.6fr;
}

.emotion-5.two-columns {
  display: grid;
  grid-template-columns: 1fr 2fr;
  -webkit-column-gap: 16px;
  column-gap: 16px;
  row-gap: 8px;
  color: #424242;
}

.emotion-5.two-columns .key b {
  font-weight: 400;
  color: #616161;
}

.emotion-6 {
  height: 0;
  overflow: hidden;
  -webkit-transition: height 300ms cubic-bezier(0.4, 0, 0.2, 1) 0ms;
  transition: height 300ms cubic-bezier(0.4, 0, 0.2, 1) 0ms;
  visibility: hidden;
}

.emotion-7 {
  display: -webkit-box;
  display: -webkit-flex;
  display: -ms-flexbox;
  display: flex;
  width: 100%;
}

.emotion-8 {
  width: 100%;
}

.emotion-9 {
  padding: 8px 16px 16px;
  -webkit-flex-direction: column;
  -ms-flex-direction: column;
  flex-direction: column;
  padding-right: 0;
}

<div
  class="authsets emotion-0"
>
  <div
    class="MuiPaper-root MuiPaper-elevation MuiPaper-elevation1 MuiAccordion-root MuiAccordion-gutters margin-bottom-medium emotion-1"
  >
    <div
      class="margin-top-medium"
    >
      <div
        class="MuiChip-root MuiChip-filled MuiChip-sizeSmall MuiChip-colorDefault MuiChip-filledDefault margin-bottom-small emotion-2"
      >
        <span
          class="MuiChip-label MuiChip-labelSmall emotion-3"
        >
          New
        </span>
      </div>
      <div
        class="break-all two-columns  emotion-4 emotion-5"
      >
        <div
          class="align-right key"
        >
          <b>
            Status
          </b>
        </div>
        <div
          class="flexbox "
        >
          <div
            class="capitalized"
          >
            pending
          </div>
        </div>
        <div
          class="align-right key"
        >
          <b>
            Public key
          </b>
        </div>
        <div
          class="flexbox "
        >
          <a>
            show key
          </a>
        </div>
        <div
          class="align-right key"
        >
          <b>
            Time of request
          </b>
        </div>
        <div
          class="flexbox "
        >
          <time
            datetime="2020-09-21T12:48:34+00:00"
          >
            2020-09-21 12:48
          </time>
        </div>
        <div
          class="align-right key"
        >
          <b>
            Actions
          </b>
        </div>
        <div
          class="flexbox "
        >
          <div
            class="action-buttons"
          >
            <a
              class="block"
            >
              Accept
            </a>
            <a
              class="block"
            >
              Reject
            </a>
            <a
              class="block"
            >
              Dismiss
            </a>
          </div>
        </div>
      </div>
    </div>
    <div
      class="MuiCollapse-root MuiCollapse-vertical MuiCollapse-hidden emotion-6"
      style="min-height: 0px;"
    >
      <div
        class="MuiCollapse-wrapper MuiCollapse-vertical emotion-7"
      >
        <div
          class="MuiCollapse-wrapperInner MuiCollapse-vertical emotion-8"
        >
          <div
            class="MuiAccordion-region"
            role="region"
          >
            <div
              class="MuiAccordionDetails-root emotion-9"
            >
              <div
                style="flex-grow: 1;"
              />
              <p
                class="bold expanded"
              >
                 Are you sure you want to continue?
              </p>
            </div>
          </div>
        </div>
      </div>
    </div>
  </div>
  <div
    class="MuiPaper-root MuiPaper-elevation MuiPaper-elevation1 MuiAccordion-root MuiAccordion-gutters margin-bottom-medium emotion-1"
  >
    <div
      class="margin-top-medium"
    >
      <div
        class="MuiChip-root MuiChip-filled MuiChip-sizeSmall MuiChip-colorDefault MuiChip-filledDefault margin-bottom-small emotion-2"
      >
        <span
          class="MuiChip-label MuiChip-labelSmall emotion-3"
        >
          New
        </span>
      </div>
      <div
        class="break-all two-columns  emotion-4 emotion-5"
      >
        <div
          class="align-right key"
        >
          <b>
            Status
          </b>
        </div>
        <div
          class="flexbox "
        >
          <div
            class="capitalized"
          >
            pending
          </div>
        </div>
        <div
          class="align-right key"
        >
          <b>
            Public key
          </b>
        </div>
        <div
          class="flexbox "
        >
          <a>
            show key
          </a>
        </div>
        <div
          class="align-right key"
        >
          <b>
            Time of request
          </b>
        </div>
        <div
          class="flexbox "
        >
          <time
            datetime="2020-09-21T12:43:34+00:00"
          >
            2020-09-21 12:43
          </time>
        </div>
        <div
          class="align-right key"
        >
          <b>
            Actions
          </b>
        </div>
        <div
          class="flexbox "
        >
          <div
            class="action-buttons"
          >
            <a
              class="block"
            >
              Accept
            </a>
            <a
              class="block"
            >
              Reject
            </a>
            <a
              class="block"
            >
              Dismiss
            </a>
          </div>
        </div>
      </div>
    </div>
    <div
      class="MuiCollapse-root MuiCollapse-vertical MuiCollapse-hidden emotion-6"
      style="min-height: 0px;"
    >
      <div
        class="MuiCollapse-wrapper MuiCollapse-vertical emotion-7"
      >
        <div
          class="MuiCollapse-wrapperInner MuiCollapse-vertical emotion-8"
        >
          <div
            class="MuiAccordion-region"
            role="region"
          >
            <div
              class="MuiAccordionDetails-root emotion-9"
            >
              <div
                style="flex-grow: 1;"
              />
              <p
                class="bold expanded"
              >
                 Are you sure you want to continue?
              </p>
            </div>
          </div>
        </div>
      </div>
    </div>
  </div>
  <div
    class="MuiPaper-root MuiPaper-elevation MuiPaper-elevation1 MuiAccordion-root MuiAccordion-gutters margin-bottom-medium emotion-1"
  >
    <div
      class="margin-top-medium"
    >
      <div
        class="MuiChip-root MuiChip-filled MuiChip-sizeSmall MuiChip-colorDefault MuiChip-filledDefault margin-bottom-small emotion-2"
      >
        <span
          class="MuiChip-label MuiChip-labelSmall emotion-3"
        >
          New
        </span>
      </div>
      <div
        class="break-all two-columns  emotion-4 emotion-5"
      >
        <div
          class="align-right key"
        >
          <b>
            Status
          </b>
        </div>
        <div
          class="flexbox "
        >
          <div
            class="capitalized"
          >
            pending
          </div>
        </div>
        <div
          class="align-right key"
        >
          <b>
            Public key
          </b>
        </div>
        <div
          class="flexbox "
        >
          <a>
            show key
          </a>
        </div>
        <div
          class="align-right key"
        >
          <b>
            Time of request
          </b>
        </div>
        <div
          class="flexbox "
        >
          <time
            datetime="2020-09-21T12:38:34+00:00"
          >
            2020-09-21 12:38
          </time>
        </div>
        <div
          class="align-right key"
        >
          <b>
            Actions
          </b>
        </div>
        <div
          class="flexbox "
        >
          <div
            class="action-buttons"
          >
            <a
              class="block"
            >
              Accept
            </a>
            <a
              class="block"
            >
              Reject
            </a>
            <a
              class="block"
            >
              Dismiss
            </a>
          </div>
        </div>
      </div>
    </div>
    <div
      class="MuiCollapse-root MuiCollapse-vertical MuiCollapse-hidden emotion-6"
      style="min-height: 0px;"
    >
      <div
        class="MuiCollapse-wrapper MuiCollapse-vertical emotion-7"
      >
        <div
          class="MuiCollapse-wrapperInner MuiCollapse-vertical emotion-8"
        >
          <div
            class="MuiAccordion-region"
            role="region"
          >
            <div
              class="MuiAccordionDetails-root emotion-9"
            >
              <div
                style="flex-grow: 1;"
              />
              <p
                class="bold expanded"
              >
                 Are you sure you want to continue?
              </p>
            </div>
          </div>
        </div>
      </div>
    </div>
  </div>
  <div
    class="MuiPaper-root MuiPaper-elevation MuiPaper-elevation1 MuiAccordion-root MuiAccordion-gutters margin-bottom-medium emotion-1"
  >
    <div
      class="margin-top-medium"
    >
      <div
        class="MuiChip-root MuiChip-filled MuiChip-sizeSmall MuiChip-colorDefault MuiChip-filledDefault margin-bottom-small emotion-2"
      >
        <span
          class="MuiChip-label MuiChip-labelSmall emotion-3"
        >
          Active
        </span>
      </div>
      <div
        class="break-all two-columns  emotion-4 emotion-5"
      >
        <div
          class="align-right key"
        >
          <b>
            Status
          </b>
        </div>
        <div
          class="flexbox "
        >
          <div
            class="capitalized"
          >
            accepted
          </div>
        </div>
        <div
          class="align-right key"
        >
          <b>
            Public key
          </b>
        </div>
        <div
          class="flexbox "
        >
          <a>
            show key
          </a>
        </div>
        <div
          class="align-right key"
        >
          <b>
            Time of request
          </b>
        </div>
        <div
          class="flexbox "
        >
          <time
            datetime="2020-09-21T12:47:34+00:00"
          >
            2020-09-21 12:47
          </time>
        </div>
        <div
          class="align-right key"
        >
          <b>
            Actions
          </b>
        </div>
        <div
          class="flexbox "
        >
          <div
            class="action-buttons"
          >
            <div>
              Accept
            </div>
            <a
              class="block"
            >
              Reject
            </a>
            <a
              class="block"
            >
              Dismiss
            </a>
          </div>
        </div>
      </div>
    </div>
    <div
      class="MuiCollapse-root MuiCollapse-vertical MuiCollapse-hidden emotion-6"
      style="min-height: 0px;"
    >
      <div
        class="MuiCollapse-wrapper MuiCollapse-vertical emotion-7"
      >
        <div
          class="MuiCollapse-wrapperInner MuiCollapse-vertical emotion-8"
        >
          <div
            class="MuiAccordion-region"
            role="region"
          >
            <div
              class="MuiAccordionDetails-root emotion-9"
            >
              <div
                style="flex-grow: 1;"
              />
              <p
                class="bold expanded"
              >
                 Are you sure you want to continue?
              </p>
            </div>
          </div>
        </div>
      </div>
    </div>
  </div>
  <div
    class="MuiPaper-root MuiPaper-elevation MuiPaper-elevation1 MuiAccordion-root MuiAccordion-gutters margin-bottom-medium emotion-1"
  >
    <div
      class="margin-top-medium"
    >
      <div
        class="MuiChip-root MuiChip-filled MuiChip-sizeSmall MuiChip-colorDefault MuiChip-filledDefault margin-bottom-small emotion-2"
      >
        <span
          class="MuiChip-label MuiChip-labelSmall emotion-3"
        >
          Active
        </span>
      </div>
      <div
        class="break-all two-columns  emotion-4 emotion-5"
      >
        <div
          class="align-right key"
        >
          <b>
            Status
          </b>
        </div>
        <div
          class="flexbox "
        >
          <div
            class="capitalized"
          >
            accepted
          </div>
        </div>
        <div
          class="align-right key"
        >
          <b>
            Public key
          </b>
        </div>
        <div
          class="flexbox "
        >
          <a>
            show key
          </a>
        </div>
        <div
          class="align-right key"
        >
          <b>
            Time of request
          </b>
        </div>
        <div
          class="flexbox "
        >
          <time
            datetime="2020-09-21T12:42:34+00:00"
          >
            2020-09-21 12:42
          </time>
        </div>
        <div
          class="align-right key"
        >
          <b>
            Actions
          </b>
        </div>
        <div
          class="flexbox "
        >
          <div
            class="action-buttons"
          >
            <div>
              Accept
            </div>
            <a
              class="block"
            >
              Reject
            </a>
            <a
              class="block"
            >
              Dismiss
            </a>
          </div>
        </div>
      </div>
    </div>
    <div
      class="MuiCollapse-root MuiCollapse-vertical MuiCollapse-hidden emotion-6"
      style="min-height: 0px;"
    >
      <div
        class="MuiCollapse-wrapper MuiCollapse-vertical emotion-7"
      >
        <div
          class="MuiCollapse-wrapperInner MuiCollapse-vertical emotion-8"
        >
          <div
            class="MuiAccordion-region"
            role="region"
          >
            <div
              class="MuiAccordionDetails-root emotion-9"
            >
              <div
                style="flex-grow: 1;"
              />
              <p
                class="bold expanded"
              >
                 Are you sure you want to continue?
              </p>
            </div>
          </div>
        </div>
      </div>
    </div>
  </div>
  <div
    class="MuiPaper-root MuiPaper-elevation MuiPaper-elevation1 MuiAccordion-root MuiAccordion-gutters margin-bottom-medium emotion-1"
  >
    <div
      class="margin-top-medium"
    >
      <div
        class="MuiChip-root MuiChip-filled MuiChip-sizeSmall MuiChip-colorDefault MuiChip-filledDefault margin-bottom-small emotion-2"
      >
        <span
          class="MuiChip-label MuiChip-labelSmall emotion-3"
        >
          Active
        </span>
      </div>
      <div
        class="break-all two-columns  emotion-4 emotion-5"
      >
        <div
          class="align-right key"
        >
          <b>
            Status
          </b>
        </div>
        <div
          class="flexbox "
        >
          <div
            class="capitalized"
          >
            accepted
          </div>
        </div>
        <div
          class="align-right key"
        >
          <b>
            Public key
          </b>
        </div>
        <div
          class="flexbox "
        >
          <a>
            show key
          </a>
        </div>
        <div
          class="align-right key"
        >
          <b>
            Time of request
          </b>
        </div>
        <div
          class="flexbox "
        >
          <time
            datetime="2020-09-21T12:37:34+00:00"
          >
            2020-09-21 12:37
          </time>
        </div>
        <div
          class="align-right key"
        >
          <b>
            Actions
          </b>
        </div>
        <div
          class="flexbox "
        >
          <div
            class="action-buttons"
          >
            <div>
              Accept
            </div>
            <a
              class="block"
            >
              Reject
            </a>
            <a
              class="block"
            >
              Dismiss
            </a>
          </div>
        </div>
      </div>
    </div>
    <div
      class="MuiCollapse-root MuiCollapse-vertical MuiCollapse-hidden emotion-6"
      style="min-height: 0px;"
    >
      <div
        class="MuiCollapse-wrapper MuiCollapse-vertical emotion-7"
      >
        <div
          class="MuiCollapse-wrapperInner MuiCollapse-vertical emotion-8"
        >
          <div
            class="MuiAccordion-region"
            role="region"
          >
            <div
              class="MuiAccordionDetails-root emotion-9"
            >
              <div
                style="flex-grow: 1;"
              />
              <p
                class="bold expanded"
              >
                 Are you sure you want to continue?
              </p>
            </div>
          </div>
        </div>
      </div>
    </div>
  </div>
  <div
    class="MuiPaper-root MuiPaper-elevation MuiPaper-elevation1 MuiAccordion-root MuiAccordion-gutters margin-bottom-medium emotion-1"
  >
    <div
      class="margin-top-medium"
    >
      <div
        class="MuiChip-root MuiChip-filled MuiChip-sizeSmall MuiChip-colorDefault MuiChip-filledDefault margin-bottom-small emotion-2"
      >
        <span
          class="MuiChip-label MuiChip-labelSmall emotion-3"
        />
      </div>
      <div
        class="break-all two-columns  emotion-4 emotion-5"
      >
        <div
          class="align-right key"
        >
          <b>
            Status
          </b>
        </div>
        <div
          class="flexbox "
        >
          <div
            class="capitalized"
          >
            rejected
          </div>
        </div>
        <div
          class="align-right key"
        >
          <b>
            Public key
          </b>
        </div>
        <div
          class="flexbox "
        >
          <a>
            show key
          </a>
        </div>
        <div
          class="align-right key"
        >
          <b>
            Time of request
          </b>
        </div>
        <div
          class="flexbox "
        >
          <time
            datetime="2020-09-21T12:50:34+00:00"
          >
            2020-09-21 12:50
          </time>
        </div>
        <div
          class="align-right key"
        >
          <b>
            Actions
          </b>
        </div>
        <div
          class="flexbox "
        >
          <div
            class="action-buttons"
          >
            <a
              class="block"
            >
              Accept
            </a>
            <div>
              Reject
            </div>
            <a
              class="block"
            >
              Dismiss
            </a>
          </div>
        </div>
      </div>
    </div>
    <div
      class="MuiCollapse-root MuiCollapse-vertical MuiCollapse-hidden emotion-6"
      style="min-height: 0px;"
    >
      <div
        class="MuiCollapse-wrapper MuiCollapse-vertical emotion-7"
      >
        <div
          class="MuiCollapse-wrapperInner MuiCollapse-vertical emotion-8"
        >
          <div
            class="MuiAccordion-region"
            role="region"
          >
            <div
              class="MuiAccordionDetails-root emotion-9"
            >
              <div
                style="flex-grow: 1;"
              />
              <p
                class="bold expanded"
              >
                 Are you sure you want to continue?
              </p>
            </div>
          </div>
        </div>
      </div>
    </div>
  </div>
  <div
    class="MuiPaper-root MuiPaper-elevation MuiPaper-elevation1 MuiAccordion-root MuiAccordion-gutters margin-bottom-medium emotion-1"
  >
    <div
      class="margin-top-medium"
    >
      <div
        class="MuiChip-root MuiChip-filled MuiChip-sizeSmall MuiChip-colorDefault MuiChip-filledDefault margin-bottom-small emotion-2"
      >
        <span
          class="MuiChip-label MuiChip-labelSmall emotion-3"
        />
      </div>
      <div
        class="break-all two-columns  emotion-4 emotion-5"
      >
        <div
          class="align-right key"
        >
          <b>
            Status
          </b>
        </div>
        <div
          class="flexbox "
        >
          <div
            class="capitalized"
          >
            preauth
          </div>
        </div>
        <div
          class="align-right key"
        >
          <b>
            Public key
          </b>
        </div>
        <div
          class="flexbox "
        >
          <a>
            show key
          </a>
        </div>
        <div
          class="align-right key"
        >
          <b>
            Time of request
          </b>
        </div>
        <div
          class="flexbox "
        >
          <time
            datetime="2020-09-21T12:49:34+00:00"
          >
            2020-09-21 12:49
          </time>
        </div>
        <div
          class="align-right key"
        >
          <b>
            Actions
          </b>
        </div>
        <div
          class="flexbox "
        >
          <div
            class="action-buttons"
          >
            <a
              class="block"
            >
              Accept
            </a>
            <a
              class="block"
            >
              Reject
            </a>
            <a
              class="block"
            >
              Dismiss
            </a>
          </div>
        </div>
      </div>
    </div>
    <div
      class="MuiCollapse-root MuiCollapse-vertical MuiCollapse-hidden emotion-6"
      style="min-height: 0px;"
    >
      <div
        class="MuiCollapse-wrapper MuiCollapse-vertical emotion-7"
      >
        <div
          class="MuiCollapse-wrapperInner MuiCollapse-vertical emotion-8"
        >
          <div
            class="MuiAccordion-region"
            role="region"
          >
            <div
              class="MuiAccordionDetails-root emotion-9"
            >
              <div
                style="flex-grow: 1;"
              />
              <p
                class="bold expanded"
              >
                 Are you sure you want to continue?
              </p>
            </div>
          </div>
        </div>
      </div>
    </div>
  </div>
  <div
    class="MuiPaper-root MuiPaper-elevation MuiPaper-elevation1 MuiAccordion-root MuiAccordion-gutters margin-bottom-medium emotion-1"
  >
    <div
      class="margin-top-medium"
    >
      <div
        class="MuiChip-root MuiChip-filled MuiChip-sizeSmall MuiChip-colorDefault MuiChip-filledDefault margin-bottom-small emotion-2"
      >
        <span
          class="MuiChip-label MuiChip-labelSmall emotion-3"
        />
      </div>
      <div
        class="break-all two-columns  emotion-4 emotion-5"
      >
        <div
          class="align-right key"
        >
          <b>
            Status
          </b>
        </div>
        <div
          class="flexbox "
        >
          <div
            class="capitalized"
          >
            rejected
          </div>
        </div>
        <div
          class="align-right key"
        >
          <b>
            Public key
          </b>
        </div>
        <div
          class="flexbox "
        >
          <a>
            show key
          </a>
        </div>
        <div
          class="align-right key"
        >
          <b>
            Time of request
          </b>
        </div>
        <div
          class="flexbox "
        >
          <time
            datetime="2020-09-21T12:45:34+00:00"
          >
            2020-09-21 12:45
          </time>
        </div>
        <div
          class="align-right key"
        >
          <b>
            Actions
          </b>
        </div>
        <div
          class="flexbox "
        >
          <div
            class="action-buttons"
          >
            <a
              class="block"
            >
              Accept
            </a>
            <div>
              Reject
            </div>
            <a
              class="block"
            >
              Dismiss
            </a>
          </div>
        </div>
      </div>
    </div>
    <div
      class="MuiCollapse-root MuiCollapse-vertical MuiCollapse-hidden emotion-6"
      style="min-height: 0px;"
    >
      <div
        class="MuiCollapse-wrapper MuiCollapse-vertical emotion-7"
      >
        <div
          class="MuiCollapse-wrapperInner MuiCollapse-vertical emotion-8"
        >
          <div
            class="MuiAccordion-region"
            role="region"
          >
            <div
              class="MuiAccordionDetails-root emotion-9"
            >
              <div
                style="flex-grow: 1;"
              />
              <p
                class="bold expanded"
              >
                 Are you sure you want to continue?
              </p>
            </div>
          </div>
        </div>
      </div>
    </div>
  </div>
  <div
    class="MuiPaper-root MuiPaper-elevation MuiPaper-elevation1 MuiAccordion-root MuiAccordion-gutters margin-bottom-medium emotion-1"
  >
    <div
      class="margin-top-medium"
    >
      <div
        class="MuiChip-root MuiChip-filled MuiChip-sizeSmall MuiChip-colorDefault MuiChip-filledDefault margin-bottom-small emotion-2"
      >
        <span
          class="MuiChip-label MuiChip-labelSmall emotion-3"
        />
      </div>
      <div
        class="break-all two-columns  emotion-4 emotion-5"
      >
        <div
          class="align-right key"
        >
          <b>
            Status
          </b>
        </div>
        <div
          class="flexbox "
        >
          <div
            class="capitalized"
          >
            preauth
          </div>
        </div>
        <div
          class="align-right key"
        >
          <b>
            Public key
          </b>
        </div>
        <div
          class="flexbox "
        >
          <a>
            show key
          </a>
        </div>
        <div
          class="align-right key"
        >
          <b>
            Time of request
          </b>
        </div>
        <div
          class="flexbox "
        >
          <time
            datetime="2020-09-21T12:44:34+00:00"
          >
            2020-09-21 12:44
          </time>
        </div>
        <div
          class="align-right key"
        >
          <b>
            Actions
          </b>
        </div>
        <div
          class="flexbox "
        >
          <div
            class="action-buttons"
          >
            <a
              class="block"
            >
              Accept
            </a>
            <a
              class="block"
            >
              Reject
            </a>
            <a
              class="block"
            >
              Dismiss
            </a>
          </div>
        </div>
      </div>
    </div>
    <div
      class="MuiCollapse-root MuiCollapse-vertical MuiCollapse-hidden emotion-6"
      style="min-height: 0px;"
    >
      <div
        class="MuiCollapse-wrapper MuiCollapse-vertical emotion-7"
      >
        <div
          class="MuiCollapse-wrapperInner MuiCollapse-vertical emotion-8"
        >
          <div
            class="MuiAccordion-region"
            role="region"
          >
            <div
              class="MuiAccordionDetails-root emotion-9"
            >
              <div
                style="flex-grow: 1;"
              />
              <p
                class="bold expanded"
              >
                 Are you sure you want to continue?
              </p>
            </div>
          </div>
        </div>
      </div>
    </div>
  </div>
  <div
    class="MuiPaper-root MuiPaper-elevation MuiPaper-elevation1 MuiAccordion-root MuiAccordion-gutters margin-bottom-medium emotion-1"
  >
    <div
      class="margin-top-medium"
    >
      <div
        class="MuiChip-root MuiChip-filled MuiChip-sizeSmall MuiChip-colorDefault MuiChip-filledDefault margin-bottom-small emotion-2"
      >
        <span
          class="MuiChip-label MuiChip-labelSmall emotion-3"
        />
      </div>
      <div
        class="break-all two-columns  emotion-4 emotion-5"
      >
        <div
          class="align-right key"
        >
          <b>
            Status
          </b>
        </div>
        <div
          class="flexbox "
        >
          <div
            class="capitalized"
          >
            rejected
          </div>
        </div>
        <div
          class="align-right key"
        >
          <b>
            Public key
          </b>
        </div>
        <div
          class="flexbox "
        >
          <a>
            show key
          </a>
        </div>
        <div
          class="align-right key"
        >
          <b>
            Time of request
          </b>
        </div>
        <div
          class="flexbox "
        >
          <time
            datetime="2020-09-21T12:40:34+00:00"
          >
            2020-09-21 12:40
          </time>
        </div>
        <div
          class="align-right key"
        >
          <b>
            Actions
          </b>
        </div>
        <div
          class="flexbox "
        >
          <div
            class="action-buttons"
          >
            <a
              class="block"
            >
              Accept
            </a>
            <div>
              Reject
            </div>
            <a
              class="block"
            >
              Dismiss
            </a>
          </div>
        </div>
      </div>
    </div>
    <div
      class="MuiCollapse-root MuiCollapse-vertical MuiCollapse-hidden emotion-6"
      style="min-height: 0px;"
    >
      <div
        class="MuiCollapse-wrapper MuiCollapse-vertical emotion-7"
      >
        <div
          class="MuiCollapse-wrapperInner MuiCollapse-vertical emotion-8"
        >
          <div
            class="MuiAccordion-region"
            role="region"
          >
            <div
              class="MuiAccordionDetails-root emotion-9"
            >
              <div
                style="flex-grow: 1;"
              />
              <p
                class="bold expanded"
              >
                 Are you sure you want to continue?
              </p>
            </div>
          </div>
        </div>
      </div>
    </div>
  </div>
  <div
    class="MuiPaper-root MuiPaper-elevation MuiPaper-elevation1 MuiAccordion-root MuiAccordion-gutters margin-bottom-medium emotion-1"
  >
    <div
      class="margin-top-medium"
    >
      <div
        class="MuiChip-root MuiChip-filled MuiChip-sizeSmall MuiChip-colorDefault MuiChip-filledDefault margin-bottom-small emotion-2"
      >
        <span
          class="MuiChip-label MuiChip-labelSmall emotion-3"
        />
      </div>
      <div
        class="break-all two-columns  emotion-4 emotion-5"
      >
        <div
          class="align-right key"
        >
          <b>
            Status
          </b>
        </div>
        <div
          class="flexbox "
        >
          <div
            class="capitalized"
          >
            preauth
          </div>
        </div>
        <div
          class="align-right key"
        >
          <b>
            Public key
          </b>
        </div>
        <div
          class="flexbox "
        >
          <a>
            show key
          </a>
        </div>
        <div
          class="align-right key"
        >
          <b>
            Time of request
          </b>
        </div>
        <div
          class="flexbox "
        >
          <time
            datetime="2020-09-21T12:39:34+00:00"
          >
            2020-09-21 12:39
          </time>
        </div>
        <div
          class="align-right key"
        >
          <b>
            Actions
          </b>
        </div>
        <div
          class="flexbox "
        >
          <div
            class="action-buttons"
          >
            <a
              class="block"
            >
              Accept
            </a>
            <a
              class="block"
            >
              Reject
            </a>
            <a
              class="block"
            >
              Dismiss
            </a>
          </div>
        </div>
      </div>
    </div>
    <div
      class="MuiCollapse-root MuiCollapse-vertical MuiCollapse-hidden emotion-6"
      style="min-height: 0px;"
    >
      <div
        class="MuiCollapse-wrapper MuiCollapse-vertical emotion-7"
      >
        <div
          class="MuiCollapse-wrapperInner MuiCollapse-vertical emotion-8"
        >
          <div
            class="MuiAccordion-region"
            role="region"
          >
            <div
              class="MuiAccordionDetails-root emotion-9"
            >
              <div
                style="flex-grow: 1;"
              />
              <p
                class="bold expanded"
              >
                 Are you sure you want to continue?
              </p>
            </div>
          </div>
        </div>
      </div>
    </div>
  </div>
</div>
`;
